+--------------------------------+------------------------+
| ID                             | usmcc-f3a90de          |
| Confluent Platform Connect     | connect-group-xyz123   |
| Cluster                        |                        |
| Confluent Platform Kafka       | 4k0R9d1GTS5tI9f4Y2xZ0Q |
| Cluster Id                     |                        |
| Environment                    | env-00000              |
| Usm Kafka Cluster Id           | usmkc-00000            |
| Cloud                          | AWS                    |
| Region                         | us-east-1              |
+--------------------------------+------------------------+
