credential: api-key-hi
kafka_cluster_context:
  active_kafka: anonymous-id
  environment_context: false
  kafka_cluster_configs:
    anonymous-id:
      api_key: hi
      api_keys:
        hi:
          api_key: hi
          api_secret: my-secret
      bootstrap_servers: http://127.0.0.1:1024
      id: anonymous-id
      name: anonymous-cluster
name: my-context
platform: http://127.0.0.1:1024
schema_registry_clusters: {}
