The Confluent Cloud CLI is deprecated and will stop working on May 1, 2022. All `ccloud` features have been moved to the Confluent CLI: https://docs.confluent.io/confluent-cli/current/index.html
To update to the new CLI, run `ccloud update --major`. See the migration guide for more details: https://docs.confluent.io/ccloud-cli/current/migrate.html

Edit credit card
Card number: MM/YY: CVC: Cardholder name: Updated.
