The `ccloud` CLI is scheduled for deprecation. All `ccloud` features have been moved to the `confluent` CLI.
For more details: https://docs.confluent.io/ccloud-cli/current/index.html

In the next major version update, `ccloud admin user` has been renamed to `confluent iam user`.

Successfully deleted user u-0.
