  Resource ID |       Email       | First Name | Last Name |   Status    
+-------------+-------------------+------------+-----------+------------+
  u-11aaa     | cody@confluent.io | Cody       |           | Unverified  
  u-11aaa     | cody@confluent.io | Cody       |           | Unverified  
  u-11aaa     | cody@confluent.io | Cody       |           | Unverified  
  u-11aaa     | cody@confluent.io | Cody       |           | Unverified  
  u-11aaa     | cody@confluent.io | Cody       |           | Unverified  
