           Kind           | Cluster Id |    Group Id     | Member Id | Process Id | Client Id | Instance Id | Member Epoch | Topology Epoch | Is Classic |                                       Assignments                                       |                                       Target Assignment                                         
--------------------------+------------+-----------------+-----------+------------+-----------+-------------+--------------+----------------+------------+-----------------------------------------------------------------------------------------+-------------------------------------------------------------------------------------------------
  KafkaStreamsGroupMember | lkc-1234   | streams-group-1 | member-1  | process-1  | client-1  | instance-1  |            2 |              2 | false      | /kafka/v3/clusters/lkc-1234/streams-groups/streams-group-1/members/member-1/assignments | /kafka/v3/clusters/lkc-1234/streams-groups/streams-group-1/members/member-1/target-assignments  
