   Principal   | Email |     Role      | Environment | Cloud Cluster |  Cluster Type   | Logical Cluster | Resource Type |  Name  | Pattern Type  
---------------+-------+---------------+-------------+---------------+-----------------+-----------------+---------------+--------+---------------
  User:u-66fff |       | ResourceOwner | a-595       |               | Schema Registry | lsrc-3333ccc    | Subject       | clicks | LITERAL       
