List Confluent Cloud billing costs.

Usage:
  confluent billing cost [command]

Available Commands:
  list        List Confluent Cloud billing costs.

Global Flags:
  -h, --help            Show help for this command.
      --unsafe-trace    Equivalent to -vvvv, but also log HTTP requests and responses which might contain plaintext secrets.
  -v, --verbose count   Increase verbosity (-v for warn, -vv for info, -vvv for debug, -vvvv for trace).

Use "confluent billing cost [command] --help" for more information about a command.
