       Key      | Owner | Description | Cluster-Id | Resource-Type  
+---------------+-------+-------------+------------+---------------+
    MYKEY4      |    23 | my-cool-app | lkc-cool1  | kafka          
    UIAPIKEY100 |    25 |             | lkc-cool1  | kafka          
    UIAPIKEY103 |    25 |             | lkc-cool1  | kafka          
