The Confluent Cloud CLI is deprecated and will no longer be supported on May 9, 2022. All `ccloud` features have been moved to the Confluent CLI: https://docs.confluent.io/confluent-cli/current/index.html
To update to the new CLI, run `ccloud update --major`. See the migration guide for more details: https://docs.confluent.io/ccloud-cli/current/migrate.html

Error: kafka cluster "lkc-unknown" not found

Suggestions:
    Ensure the cluster ID you entered is valid.
    Ensure the cluster you are specifying belongs to the currently selected environment with `ccloud kafka cluster list`, `ccloud environment list`, and `ccloud environment use`.
