List Schema Registry Data Encryption Key (DEK) subjects.

Usage:
  confluent schema-registry dek subject list [flags]

Examples:
List subjects for the Data Encryption Key (DEK) created with a KEK named "test":

  $ confluent schema-registry dek subject list --name test

Flags:
      --kek-name string      REQUIRED: Name of the Key Encryption Key (KEK).
      --context string       CLI context name.
      --environment string   Environment ID.
  -o, --output string        Specify the output format as "human", "json", or "yaml". (default "human")

Global Flags:
  -h, --help            Show help for this command.
      --unsafe-trace    Equivalent to -vvvv, but also log HTTP requests and responses which might contain plaintext secrets.
  -v, --verbose count   Increase verbosity (-v for warn, -vv for info, -vvv for debug, -vvvv for trace).
