   Name   | Kafka Cluster ID | Environment | Compute Pool | Service Account | Query |            Columns             | Watermark Column Name | Watermark Expression |          Constraints           | Distributed By Column Names | Distributed By Buckets  
----------+------------------+-------------+--------------+-----------------+-------+--------------------------------+-----------------------+----------------------+--------------------------------+-----------------------------+-------------------------
  table-1 | lkc01            | env-1       | pool1        | principal1      | query | {Name1, Type1, Comment1,       | Col1                  | Expr1                | {constr1, PRIMARY_KEY,         | user_id, region             |                      8  
          |                  |             |              |                 |       | Computed, Expression1, true},  |                       |                      | [user_id region], true},       |                             |                         
          |                  |             |              |                 |       | {Name2, Type2, Comment2,       |                       |                      | {constr2, PRIMARY_KEY,         |                             |                         
          |                  |             |              |                 |       | Physical}                      |                       |                      | [user_id1 region1], false}     |                             |                         
