List peerings.

Usage:
  confluent network peering list [flags]

Flags:
      --name strings         A comma-separated list of peering names.
      --network strings      A comma-separated list of Network IDs.
      --phase strings        A comma-separated list of phases.
      --context string       CLI context name.
      --environment string   Environment ID.
  -o, --output string        Specify the output format as "human", "json", or "yaml". (default "human")

Global Flags:
  -h, --help            Show help for this command.
      --unsafe-trace    Equivalent to -vvvv, but also log HTTP requests and responses which might contain plaintext secrets.
  -v, --verbose count   Increase verbosity (-v for warn, -vv for info, -vvv for debug, -vvvv for trace).
