+----------------------+-------------------------------+
| ID                   | nle-abcde1                    |
| Name                 | my-network-link-endpoint      |
| Network              | n-123456                      |
| Environment          | env-00000                     |
| Description          | example network link endpoint |
| Network Link Service | nls-abcde1                    |
| Phase                | PENDING_ACCEPT                |
+----------------------+-------------------------------+
