List consumer lags for a Kafka consumer group.

Usage:
  confluent kafka consumer-group lag list <id> [flags]

Examples:
List all consumer lags for consumers in the ``my_consumer_group`` consumer-group of a specified cluster (providing Kafka REST Proxy endpoint).

::

  ccloud kafka consumer-group lag list my_consumer_group --url http://localhost:8082



Flags:
      --url string                Base URL of REST Proxy Endpoint of Kafka Cluster (include /kafka for embedded Rest Proxy). Must set flag or CONFLUENT_REST_URL.
      --ca-cert-path string       Path to a PEM-encoded CA to verify the Confluent REST Proxy.
      --client-cert-path string   Path to client cert to be verified by Confluent REST Proxy, include for mTLS authentication.
      --client-key-path string    Path to client private key, include for mTLS authentication.
      --no-auth                   Include if requests should be made without authentication headers, and user will not be prompted for credentials.
      --prompt                    Bypass use of available login credentials and prompt for Kafka Rest credentials.
  -o, --output string             Specify the output format as "human", "json", or "yaml". (default "human")
      --context string            CLI Context name.

Global Flags:
  -h, --help            Show help for this command.
  -v, --verbose count   Increase verbosity (-v for warn, -vv for info, -vvv for debug, -vvvv for trace).
