The local commands are intended for a single-node development environment only, NOT for production usage. See more: https://docs.confluent.io/current/cli/index.html

Topic: test
PartitionCount: 1
ReplicationFactor: 1

  Topic | Partition | Leader | Replicas | ISR  
--------+-----------+--------+----------+------
  test  |         0 |      1 | [1]      | [1]  

Configuration

                   Name                   |        Value         
------------------------------------------+----------------------
  cleanup.policy                          | delete               
  compression.type                        | producer             
  delete.retention.ms                     |            86400000  
  file.delete.delay.ms                    |               60000  
  flush.messages                          | 9223372036854775807  
  flush.ms                                | 9223372036854775807  
  follower.replication.throttled.replicas |                      
  index.interval.bytes                    |                4096  
  leader.replication.throttled.replicas   |                      
  max.compaction.lag.ms                   | 9223372036854775807  
  max.message.bytes                       |             1048588  
  message.downconversion.enable           | true                 
  message.format.version                  | 3.0-IV1              
  message.timestamp.difference.max.ms     | 9223372036854775807  
  message.timestamp.type                  | CreateTime           
  min.cleanable.dirty.ratio               |                 0.5  
  min.compaction.lag.ms                   |                   0  
  min.insync.replicas                     |                   1  
  preallocate                             | false                
  retention.bytes                         |                  -1  
  retention.ms                            |           604800000  
  segment.bytes                           |          1073741824  
  segment.index.bytes                     |            10485760  
  segment.jitter.ms                       |                   0  
  segment.ms                              |           604800000  
  unclean.leader.election.enable          | false                
