The local commands are intended for a single-node development environment only,
NOT for production usage. https://docs.confluent.io/current/cli/index.html

Error: no log found: to run Zookeeper, use "confluent local services zookeeper start"
Usage:
  confluent local services zookeeper log [flags]

Flags:
  -h, --help   help for log

Global Flags:
  -v, --verbose count   Increase verbosity (-v for warn, -vv for info, -vvv for debug, -vvvv for trace).

