Updated IAM IP group "ipg-wjnde".
+-------------+--------------------------------+
| ID          | ipg-wjnde                      |
| Name        | new-demo-group                 |
| CIDR Blocks | 168.150.200.0/24,              |
|             | 147.150.200.0/24               |
+-------------+--------------------------------+
