Manage Schema Registry.

Usage:
  confluent schema-registry [command]

Aliases:
  schema-registry, sr

Available Commands:
  cluster       Manage Schema Registry clusters.
  configuration Manage Schema Registry configuration.
  dek           Manage Schema Registry Data Encryption Keys (DEKs).
  exporter      Manage Schema Registry exporters.
  kek           Manage Schema Registry Key Encryption Keys (KEKs).
  schema        Manage Schema Registry schemas.
  subject       Manage Schema Registry subjects.

Global Flags:
  -h, --help            Show help for this command.
      --unsafe-trace    Equivalent to -vvvv, but also log HTTP requests and responses which might contain plaintext secrets.
  -v, --verbose count   Increase verbosity (-v for warn, -vv for info, -vvv for debug, -vvvv for trace).

Use "confluent schema-registry [command] --help" for more information about a command.
