Manage Schema Registry.

Usage:
  ccloud schema-registry [command]

Available Commands:
  cluster     Manage Schema Registry cluster.
  exporter    Manage Schema Registry exporters.
  schema      Manage Schema Registry schemas.
  subject     Manage Schema Registry subjects.

Global Flags:
  -h, --help            Show help for this command.
  -v, --verbose count   Increase verbosity (-v for warn, -vv for info, -vvv for debug, -vvvv for trace).

Use "ccloud schema-registry [command] --help" for more information about a command.
