+--------------------------------+---------------+
| Name                           | myexporter    |
| Subjects                       | foo, bar      |
| Context Type                   | CUSTOM        |
| Context                        | mycontext     |
| Remote Schema Registry Configs | key1="value1" |
|                                | key2="value2" |
+--------------------------------+---------------+
