+---------------------+--------------------+
| Name                | link-1             |
| Source Cluster      | lkc-describe-topic |
| Destination Cluster |                    |
| State               | AVAILABLE          |
| Error               |                    |
| Error Message       |                    |
+---------------------+--------------------+
