+---------------------+-----------+
| Name                | link-5    |
| Source Cluster      |           |
| Destination Cluster |           |
| Remote Cluster      | cluster-2 |
| State               | AVAILABLE |
+---------------------+-----------+
      Task Name      |     State      |             Errors              
---------------------+----------------+---------------------------------
  AclSync            | IN_ERROR       | Error Code:                     
                     |                | AUTHENTICATION_ERROR Error      
                     |                | Message: Auth issue.,Error      
                     |                | Code: MISCONFIGURATION_ERROR    
                     |                | Error Message: Wrong config.    
  AutoCreateMirror   | NOT_CONFIGURED |                                 
  ConsumerOffsetSync | ACTIVE         |                                 
