[
  {
    "link_name": "link-1",
    "source_cluster_id": "cluster-1",
    "destination_cluster_id": "cluster-2",
    "state": "",
    "error": "",
    "error_message": ""
  },
  {
    "link_name": "link-2",
    "source_cluster_id": "cluster-1",
    "destination_cluster_id": "cluster-2",
    "state": "AVAILABLE",
    "error": "",
    "error_message": ""
  },
  {
    "link_name": "link-3",
    "source_cluster_id": "cluster-1",
    "destination_cluster_id": "cluster-2",
    "state": "UNAVAILABLE",
    "error": "AUTHENTICATION_ERROR",
    "error_message": "Please check your API key and secret."
  }
]
