+----------------+-------------------------------------+
| Name           | kek-name                            |
| KMS Type       | AWS_KMS                             |
| KMS Key ID     | arn:aws:kms:us-west-2:9979:key/abcd |
| KMS Properties | KeyState="Enabled"                  |
| Doc            | new-description                     |
| Timestamp      | 1702346517344                       |
+----------------+-------------------------------------+
