Manage Kafka share group consumers.

Usage:
  confluent kafka share group consumer [command]

Available Commands:
  list        List Kafka share group consumers.

Global Flags:
  -h, --help            Show help for this command.
      --unsafe-trace    Equivalent to -vvvv, but also log HTTP requests and responses which might contain plaintext secrets.
  -v, --verbose count   Increase verbosity (-v for warn, -vv for info, -vvv for debug, -vvvv for trace).

Use "confluent kafka share group consumer [command] --help" for more information about a command.
