Delete a role binding.

Usage:
  confluent iam rbac role-binding delete [flags]

Flags:
      --role string                      REQUIRED: Role name of the existing role binding.
      --principal string                 REQUIRED: Qualified principal name associated with the role binding.
      --force                            Skip the deletion confirmation prompt.
      --kafka-cluster string             Kafka cluster ID for the role binding.
      --schema-registry-cluster string   Schema Registry cluster ID for the role binding.
      --ksql-cluster string              ksqlDB cluster ID for the role binding.
      --connect-cluster string           Kafka Connect cluster ID for the role binding.
      --cluster-name string              Cluster name to uniquely identify the cluster for role binding listings.
      --context string                   CLI context name.
      --resource string                  Qualified resource name for the role binding.
      --prefix                           Whether the provided resource name is treated as a prefix pattern.
  -o, --output string                    Specify the output format as "human", "json", or "yaml". (default "human")

Global Flags:
  -h, --help            Show help for this command.
      --unsafe-trace    Equivalent to -vvvv, but also log HTTP requests and responses which might contain plaintext secrets.
  -v, --verbose count   Increase verbosity (-v for warn, -vv for info, -vvv for debug, -vvvv for trace).
