     Principal    |      Name       |        Email          
------------------+-----------------+-----------------------
  User:pool-12345 | identity_pool   |                       
  User:sa-12345   | service_account |                       
  User:u-11aaa    |                 | u-11aaa@confluent.io  
