- principal: User:u-11aaa
  email: u-11aaa@confluent.io
  servicename: ""
  poolname: ""
- principal: User:u-22bbb
  email: u-22bbb@confluent.io
  servicename: ""
  poolname: ""
- principal: User:u-33ccc
  email: u-33ccc@confluent.io
  servicename: ""
  poolname: ""
- principal: User:u-44ddd
  email: mhe@confluent.io
  servicename: ""
  poolname: ""
