    ID   |  Principal   |        Email         |       Role        | Environment | Cloud Cluster | Cluster Type | Logical Cluster | Resource Type | Name | Pattern Type  
---------+--------------+----------------------+-------------------+-------------+---------------+--------------+-----------------+---------------+------+---------------
  rb-3cc | User:u-33ccc | u-33ccc@confluent.io | CloudClusterAdmin | a-595       | lkc-1111aaa   |              |                 |               |      |               
