Update a service account.

Usage:
  confluent iam service-account update <id> [flags]

Examples:
Update the description of service account "sa-123456".

  $ confluent iam service-account update sa-123456 --description "Update demo service account information."

Flags:
      --description string   REQUIRED: Description of the service account.

Global Flags:
  -h, --help            Show help for this command.
      --unsafe-trace    Equivalent to -vvvv, but also log HTTP requests and responses which may contain plaintext secrets.
  -v, --verbose count   Increase verbosity (-v for warn, -vv for info, -vvv for debug, -vvvv for trace).
