Manage the master key for Confluent Platform.

Usage:
  confluent secret master-key [command]

Available Commands:
  generate    Generate a master key for Confluent Platform.

Global Flags:
  -h, --help            Show help for this command.
      --unsafe-trace    Equivalent to -vvvv, but also log HTTP requests and responses which might contain plaintext secrets.
  -v, --verbose count   Increase verbosity (-v for warn, -vv for info, -vvv for debug, -vvvv for trace).

Use "confluent secret master-key [command] --help" for more information about a command.
