  Plugin ID  |  Plugin Name  |     ID     | Version | Content Format |    Documentation Link     | Sensitive Config Properties | Phase | Error Message | Environment  
-------------+---------------+------------+---------+----------------+---------------------------+-----------------------------+-------+---------------+--------------
  ccp-123456 | CliPluginTest | ver-123456 | 1.0.0   | ZIP            | https://docs.confluent.io | password, secret            | READY |               | env-123456   
  ccp-123456 | CliPluginTest | ver-789012 | 2.0.0   | JAR            |                           |                             | READY |               | env-123456   
