Error: accepts 1 arg(s), received 0
Usage:
  confluent ccpm plugin describe <id> [flags]

Examples:
Describe a custom Connect plugin by ID.

  $ confluent ccpm plugin describe plugin-123456 --environment env-12345

Flags:
      --environment string   Environment ID.
  -o, --output string        Specify the output format as "human", "json", or "yaml". (default "human")

Global Flags:
  -h, --help            Show help for this command.
      --unsafe-trace    Equivalent to -vvvv, but also log HTTP requests and responses which might contain plaintext secrets.
  -v, --verbose count   Increase verbosity (-v for warn, -vv for info, -vvv for debug, -vvvv for trace).

