+----------------+-------------------------------------------------+
| ID             | op-67890                                        |
| Name           | okta-with-identity-claim                        |
| Description    | new description.                                |
| Identity Claim | claims.sub                                      |
| Issuer URI     | https://company.new-provider.com                |
| JWKS URI       | https://company.new-provider.com/oauth2/v1/keys |
+----------------+-------------------------------------------------+
