+----------------+---------------------------------------------+
| ID             | op-67890                                    |
| Name           | okta-with-identity-claim                    |
| Description    | providing identities.                       |
| Identity Claim | claims.sub.updated                          |
| Issuer URI     | https://company.provider.com                |
| JWKS URI       | https://company.provider.com/oauth2/v1/keys |
+----------------+---------------------------------------------+
