  Kafka Cluster | Principal | Permission | Operation |   Host   | Resource Type | Resource Name | Pattern Type  
----------------+-----------+------------+-----------+----------+---------------+---------------+---------------
  testcluster   | User:42   | DENY       | READ      | testhost | CLUSTER       | kafka-cluster | LITERAL       
