  Kafka Cluster | Principal | Permission | Operation | Host | Resource Type | Resource Name | Pattern Type  
----------------+-----------+------------+-----------+------+---------------+---------------+---------------
  testcluster   | User:42   | DENY       | ALTER     | *    | CLUSTER       | kafka-cluster | LITERAL       
