  Kafka Cluster |  Principal  | Permission | Operation | Host | Resource Type | Resource Name | Pattern Type  
----------------+-------------+------------+-----------+------+---------------+---------------+---------------
  testcluster   | User:abc123 | ANY        | ANY       | *    | GROUP         | test-group    | LITERAL       
