{
  "id": "lcc-123",
  "request_type": "PATCH",
  "requested_at": "0001-01-01 00:00:00 +0000 UTC",
  "phase": "PENDING",
  "message": "Alter offset process is pending",
  "applied_at": "2024-04-02 08:23:33.000000123 +0000 UTC",
  "previous_offsets": [
    {
      "offset": {
        "event": 2,
        "file": "mysql-bin.000600",
        "pos": 2001,
        "row": 1,
        "server_id": 1,
        "transaction_id": null,
        "ts_sec": 1711788870
      },
      "partition": {
        "server": "dbzv2"
      }
    }
  ]
}
