Describe connector offsets.

Usage:
  confluent connect offset describe <id> [flags]

Examples:
Describe offsets for a connector in the current or specified Kafka cluster context.

  $ confluent connect offset describe lcc-123456

  $ confluent connect offset describe lcc-123456 --cluster lkc-123456

Flags:
      --staleness-threshold int32   Repeatedly fetch offsets, until receiving an offset with an observed time within the staleness threshold in seconds, for a minimum of 5 seconds. (default 120)
      --timeout int32               Max time in seconds to wait until we get an offset within the staleness threshold. (default 30)
      --cluster string              Kafka cluster ID.
      --context string              CLI context name.
      --environment string          Environment ID.
  -o, --output string               Specify the output format as "human", "json", or "yaml". (default "human")

Global Flags:
  -h, --help            Show help for this command.
      --unsafe-trace    Equivalent to -vvvv, but also log HTTP requests and responses which might contain plaintext secrets.
  -v, --verbose count   Increase verbosity (-v for warn, -vv for info, -vvv for debug, -vvvv for trace).
