+---------------------------+--------------------------------+
| Name                      | my-table                       |
| Kafka Cluster ID          | lkc01                          |
| Environment               | env-596                        |
| Compute Pool              | pool1                          |
| Principal                 | principal1                     |
| Stopped                   | false                          |
| Query                     | query1                         |
| Watermark Column          | wname1                         |
| Watermark Expression      | wexp1                          |
| Constraints               | {name, type, [colName1         |
|                           | colName2], true}               |
| Distribution Keys         | col1, col2                     |
| Distribution Bucket Count | 32                             |
+---------------------------+--------------------------------+
