+----------------------+---------------------------------+
| Plugin               | ccp-789012                      |
| Version              | ver-123456                      |
| Name                 | CliPluginTest                   |
| Description          | Source datagen plugin           |
| Cloud                | AWS                             |
| Connector Class      | io.confluent.kafka.connect.test |
| Connector Type       | source                          |
| Sensitive Properties | [aws.key aws.secret]            |
| Version Number       | 0.0.0                           |
| Beta                 | false                           |
| Release Notes        |                                 |
+----------------------+---------------------------------+
