- broker_id: "1"
  cluster_id: cluster-1
  is_caught_up: "true"
  is_in_isr: "true"
  is_isr_eligible: "true"
  is_leader: "true"
  is_observer: "false"
  last_caught_up_time_ms: "1640040996303"
  last_fetch_time_ms: "1640040996303"
  link_name: ""
  log_end_offset: "1"
  log_start_offset: "0"
  partition_id: "2"
  topic_name: topic-exist
- broker_id: "2"
  cluster_id: cluster-1
  is_caught_up: "true"
  is_in_isr: "true"
  is_isr_eligible: "true"
  is_leader: "false"
  is_observer: "false"
  last_caught_up_time_ms: "1640040996303"
  last_fetch_time_ms: "1640040996303"
  link_name: link
  log_end_offset: "0"
  log_start_offset: "0"
  partition_id: "2"
  topic_name: topic-exist
