Remove values from a configuration properties file.

Usage:
  confluent secret file remove [flags]

Flags:
      --config-file string          REQUIRED: Path to the configuration properties file.
      --local-secrets-file string   REQUIRED: Path to the local encrypted configuration properties file.
      --config string               REQUIRED: List of configuration keys.

Global Flags:
  -h, --help            Show help for this command.
      --unsafe-trace    Equivalent to -vvvv, but also log HTTP requests and responses which may contain plaintext secrets.
  -v, --verbose count   Increase verbosity (-v for warn, -vv for info, -vvv for debug, -vvvv for trace).
