+-------------------+------------------+
| Cluster           | lkc-1234         |
| Consumer Group    | consumer-group-1 |
| Total Lag         | 110              |
| Max Lag           | 100              |
| Max Lag Consumer  | consumer-1       |
| Max Lag Instance  | instance-1       |
| Max Lag Client    | client-1         |
| Max Lag Topic     | topic-1          |
| Max Lag Partition | 1                |
+-------------------+------------------+
