warning: GOCOVERDIR not set, no coverage data emitted
+-----------------+---------------------------------------------------+
| ID              | dlz-f3a90de                                       |
| Connection Name | test-connection                                   |
| Token           | cflt-scim_eyJhbGciOiJIUzI1NiIsInR5cCI6IkpXVCJ9... |
| Created At      | 2026-04-16T10:00:00Z                              |
| Expires At      | 2026-10-16T10:00:00Z                              |
+-----------------+---------------------------------------------------+
