+--------------------+-------------------------------+
| Name               | savepoint1                    |
| Path               | abc/def                       |
| Format             | Canonical                     |
| Backoff Limit      | 10                            |
| Creation Timestamp | 2025-03-12 23:42:00 +0000 UTC |
| UID                | id1                           |
+--------------------+-------------------------------+
