+----------------+-------------------------+
| ID             | cfa-jar123              |
| Name           | my-connect-artifact-jar |
| Description    | new-jar-artifact        |
| Cloud          | AWS                     |
| Environment    | env-123456              |
| Content Format | JAR                     |
| Status         | PROCESSING              |
+----------------+-------------------------+
