- id: cfa-jar123
  name: my-connect-artifact-jar
  description: new-jar-artifact
  cloud: AWS
  region: us-west-2
  environment: env-123456
  content_format: JAR
- id: cfa-zip123
  name: my-connect-artifact-zip
  description: new-zip-artifact
  cloud: AWS
  region: us-west-2
  environment: env-123456
  content_format: ZIP
