+------------------+-----------------+
| ID               | ipf-34dq3       |
| Name             | demo-ip-filter4 |
| Resource Group   | multiple        |
| IP Groups        |                 |
| Operation Groups |                 |
| Resource Scope   |                 |
+------------------+-----------------+
