+------------------+-----------------+
| ID               | ipf-34dq3       |
| Name             | demo-ip-filter4 |
| Resource group   | multiple        |
| IP groups        | ipg-none        |
| Operation groups | MANAGEMENT      |
| Resource scope   |                 |
+------------------+-----------------+
