     ID     |      Name      | Resource group |      IP groups       | Operation groups |              Resource scope                
------------+----------------+----------------+----------------------+------------------+--------------------------------------------
  ipf-34dq3 | demo-ip-filter | multiple       | ipg-12345, ipg-abcde | MANAGEMENT       | crn://confluent.cloud/organization=org123  
