Error: if any flags in the group [cloud region] are set they must all be set; missing [region]
Usage:
  confluent unified-stream-manager connect register <confluent-platform-connect-cluster-id> [flags]

Examples:
Register a Confluent Platform Connect cluster with the ID connect-group-xyz123.

  $ confluent unified-stream-manager connect register connect-group-xyz123 --confluent-platform-kafka-cluster 4k0R9d1GTS5tI9f4Y2xZ0Q --cloud aws --region us-east-1

Flags:
      --confluent-platform-kafka-cluster string   REQUIRED: The ID of the metadata Kafka cluster for the Connect Cluster.
      --cloud string                              Specify the cloud provider as "aws", "azure", or "gcp".
      --region string                             Specify the cloud region.
      --environment string                        Environment ID.
      --context string                            CLI context name.
  -o, --output string                             Specify the output format as "human", "json", or "yaml". (default "human")

Global Flags:
  -h, --help            Show help for this command.
      --unsafe-trace    Equivalent to -vvvv, but also log HTTP requests and responses which might contain plaintext secrets.
  -v, --verbose count   Increase verbosity (-v for warn, -vv for info, -vvv for debug, -vvvv for trace).

