In the next major version update, `confluent iam role` has been renamed to `confluent iam rbac`.

      Name      |                   AccessPolicy                     
----------------+----------------------------------------------------
  DeveloperRead | {                                                  
                |   "scopeType": "Resource",                         
                |   "allowedOperations": [                           
                |     {                                              
                |       "resourceType": "Cluster"                    
                |     },                                             
                |     {                                              
                |       "resourceType": "TransactionalId",           
                |       "operations": ["Describe"]                   
                |     },                                             
                |     {                                              
                |       "resourceType": "Group",                     
                |       "operations": ["Read", "Describe"]           
                |     },                                             
                |     {                                              
                |       "resourceType": "Subject",                   
                |       "operations": ["Read", "ReadCompatibility"]  
                |     },                                             
                |     {                                              
                |       "resourceType": "Connector",                 
                |       "operations": ["ReadStatus", "ReadConfig"]   
                |     },                                             
                |     {                                              
                |       "resourceType": "Topic",                     
                |       "operations": ["Read", "Describe"]           
                |     }                                              
                |   ]                                                
                | }                                                  
                |                                                    
