Using the only available Confluent Platform installation at "test/fixtures/input/connect/confluent-empty".
Do you want to install this plugin into "test/fixtures/input/connect/confluent-empty/share/confluent-hub-components"? (y/n): 
License: Apache License 2.0 (https://www.apache.org/licenses/LICENSE-2.0)
I agree to this software license agreement. (y/n): 
[DRY RUN] Installing Integration Test Plugin 0.1.0, provided by Confluent, Inc.

No worker configuration files found.

[DRY RUN] Installed Integration Test Plugin 0.1.0.
