+-------------+-----------------+
| ID          | cq-1234         |
| Name        | clientQuota     |
| Description | description     |
| Ingress     | 500 B/s         |
| Egress      | 100 B/s         |
| Principals  | sa-1234,sa-5678 |
| Cluster     | lkc-1234        |
| Environment | a-595           |
+-------------+-----------------+
