+--------------+-------------------+
| ID           | cq-1234           |
| Display Name | quotaName         |
| Description  | quota description |
| Ingress      | 2000 B/s          |
| Egress       | 5000 B/s          |
| Cluster      | lkc-1234          |
| Principals   | sa-1234,sa-5678   |
+--------------+-------------------+
