+--------------------------------+-------------------------------------------------------------+
| ID                             | ss-12345                                                    |
| Provider Name                  | provider                                                    |
| Provider Organization Name     | provider org                                                |
| Status                         | active                                                      |
| Invite Expires At              | 2022-07-22 22:08:41 +0000 UTC                               |
| Network DNS Domain             | abc123.us-west-2.aws.stag.cpdev.cloud                       |
| Network Zones                  | usw2-az1,usw2-az3,usw2-az2                                  |
| Network Zonal Subdomains       | [usw2-az2="usw2-az2.abc123.us-west-2.aws.stag.cpdev.cloud"] |
| Network Kind                   | AwsNetwork                                                  |
| Network Private Link Data Type | Private Link Endpoint Service                               |
| Network Private Link Data      | com.amazonaws.vpce.us-west-2.vpce-svc-0000000000            |
+--------------------------------+-------------------------------------------------------------+
