+---------------------+---------------------------------------------+
| ID                  | ss-12345                                    |
| API Key             | 53C1LMK57JR9KBLF3CS6                        |
| Secret              | 4MECG51LZO2ILQTG6RO0                        |
| Kafka Bootstrap URL | pkc-00000.us-east1.gcp.confluent.cloud:9092 |
| Resources           | [Topic:topic-12345]                         |
+---------------------+---------------------------------------------+
