Manage the Schema Registry cluster for the current environment.

Usage:
  confluent schema-registry cluster [command]

Available Commands:
  delete      Delete the Schema Registry cluster for this environment.
  describe    Describe the Schema Registry cluster for this environment.
  enable      Enable Schema Registry for this environment.
  update      Update global mode or compatibility of Schema Registry.
  upgrade     Upgrade the Schema Registry package for this environment.

Global Flags:
  -h, --help            Show help for this command.
      --unsafe-trace    Equivalent to -vvvv, but also log HTTP requests and responses which might contain plaintext secrets.
  -v, --verbose count   Increase verbosity (-v for warn, -vv for info, -vvv for debug, -vvvv for trace).

Use "confluent schema-registry cluster [command] --help" for more information about a command.
