Create a Flink artifact in Confluent Platform by uploading a JAR or ZIP file. This creates version 1 of the artifact.

Usage:
  confluent flink artifact create <name> [flags]

Examples:
Create Flink artifact "my-artifact" in the environment "my-environment".

  $ confluent flink artifact create my-artifact --artifact-file artifact.jar --environment my-environment

Flags:
      --environment string                  REQUIRED: Name of the Flink environment.
      --artifact-file string                REQUIRED: Path to the Flink artifact JAR or ZIP file.
      --label strings                       A comma-separated list of "key=value" label pairs.
      --url string                          Base URL of the Confluent Manager for Apache Flink (CMF). Environment variable "CONFLUENT_CMF_URL" may be set in place of this flag.
      --client-key-path string              Path to client private key for mTLS authentication. Environment variable "CONFLUENT_CMF_CLIENT_KEY_PATH" may be set in place of this flag.
      --client-cert-path string             Path to client cert to be verified by Confluent Manager for Apache Flink. Include for mTLS authentication. Environment variable "CONFLUENT_CMF_CLIENT_CERT_PATH" may be set in place of this flag.
      --certificate-authority-path string   Path to a PEM-encoded Certificate Authority to verify the Confluent Manager for Apache Flink connection. Environment variable "CONFLUENT_CMF_CERTIFICATE_AUTHORITY_PATH" may be set in place of this flag.
  -o, --output string                       Specify the output format as "human", "json", or "yaml". (default "human")

Global Flags:
  -h, --help            Show help for this command.
      --unsafe-trace    Equivalent to -vvvv, but also log HTTP requests and responses which might contain plaintext secrets.
  -v, --verbose count   Increase verbosity (-v for warn, -vv for info, -vvv for debug, -vvvv for trace).
