+----------------+---------------------------------+
| Name           | CliPluginTest                   |
| Plugin ID      | ccp-123456                      |
| Version ID     | io.confluent.kafka.connect.test |
| Content Format |                                 |
+----------------+---------------------------------+
