List Flink UDF artifacts.

Usage:
  confluent flink artifact list [flags]

Examples:
List Flink UDF artifacts.

  $ confluent flink artifact list --cloud aws --region us-west-2

Flags:
      --cloud string     REQUIRED: Specify the cloud provider as "aws", "azure", or "gcp".
      --region string    REQUIRED: Cloud region for Flink (use "confluent flink region list" to see all).
      --context string   CLI context name.
  -o, --output string    Specify the output format as "human", "json", or "yaml". (default "human")

Global Flags:
  -h, --help            Show help for this command.
      --unsafe-trace    Equivalent to -vvvv, but also log HTTP requests and responses which might contain plaintext secrets.
  -v, --verbose count   Increase verbosity (-v for warn, -vv for info, -vvv for debug, -vvvv for trace).
