          Name          |                       Value                        | Read-Only  
------------------------+----------------------------------------------------+------------
  context_states        | map[string]*config.ContextState                    | true       
                        | with keys: [context1]                              |            
  contexts              | map[string]*config.Context                         | true       
                        | with keys: [context1]                              |            
  credentials           | map[string]*config.Credential with keys:           | true       
                        | [username-cli-mock-email@confluent.io-http://test] |            
  current_context       | context1                                           | false      
  disable_feature_flags | false                                              | false      
  disable_plugins       | false                                              | false      
  disable_update_check  | false                                              | false      
  disable_updates       | false                                              | false      
  local_ports           |                                                    | true       
  no_browser            | false                                              | false      
  platforms             | map[string]*config.Platform                        | true       
                        | with keys: [u-123]                                 |            
  saved_credentials     | map[string]*config.LoginCredential                 | true       
                        | with keys: []                                      |            
