          Name          |                       Value                       | Modifiable With Set  
------------------------+---------------------------------------------------+----------------------
  context_states        | [context1 context2]                               | false                
  contexts              | [context1 context2]                               | false                
  credentials           | [api-key-costa                                    | false                
                        | username-cli-mock-email@confluent.io-http://test] |                      
  current_context       | context2                                          | true                 
  disable_feature_flags | false                                             | true                 
  disable_plugins       | true                                              | true                 
  disable_update_check  | false                                             | true                 
  disable_updates       | false                                             | true                 
  local_ports           | <nil>                                             | false                
  no_browser            | false                                             | true                 
  platforms             | [http://test u-123]                               | false                
  saved_credentials     | []                                                | false                
