[
  {
    "quota_code": "quota_a",
    "name": "Quota A",
    "scope": "kafka_cluster",
    "applied_limit": 15,
    "usage": "10",
    "organization": "org-123",
    "environment": "env-1",
    "kafka_cluster": "lkc-1",
    "network": "",
    "user": ""
  },
  {
    "quota_code": "quota_a",
    "name": "Qutoa A",
    "scope": "kafka_cluster",
    "applied_limit": 16,
    "usage": "11",
    "organization": "org-123",
    "environment": "env-2",
    "kafka_cluster": "lkc-2",
    "network": "",
    "user": ""
  }
]
