Delete a connector.

Usage:
  confluent connect cluster delete <id> [flags]

Examples:
Delete a connector in the current or specified Kafka cluster context.

  $ confluent connect cluster delete

  $ confluent connect cluster delete --cluster lkc-123456

Flags:
      --force                Skip the deletion confirmation prompt.
      --cluster string       Kafka cluster ID or name.
      --context string       CLI context name.
      --environment string   Confluent Cloud environment ID or name.

Global Flags:
  -h, --help            Show help for this command.
      --unsafe-trace    Equivalent to -vvvv, but also log HTTP requests and responses which might contain plaintext secrets.
  -v, --verbose count   Increase verbosity (-v for warn, -vv for info, -vvv for debug, -vvvv for trace).
