Update a connector configuration.

Usage:
  confluent connect cluster update <id|name> [flags]

Flags:
      --config strings       A comma-separated list of configuration overrides ("key=value") for the connector being updated.
      --config-file string   JSON connector configuration file.
      --cluster string       Kafka cluster ID or name.
      --context string       CLI context name.
      --environment string   Confluent Cloud environment ID or name.

Global Flags:
  -h, --help            Show help for this command.
      --unsafe-trace    Equivalent to -vvvv, but also log HTTP requests and responses which might contain plaintext secrets.
  -v, --verbose count   Increase verbosity (-v for warn, -vv for info, -vvv for debug, -vvvv for trace).
