+--------------------------------+------------------------+
| ID                             | usmkc-abc123           |
| Name                           | my-kafka-cluster       |
| Confluent Platform Kafka       | 4k0R9d1GTS5tI9f4Y2xZ0Q |
| Cluster ID                     |                        |
| Cloud                          | AWS                    |
| Region                         | us-east-1              |
| Environment                    | env-596                |
+--------------------------------+------------------------+
