+--------------------------------+------------------------+
| ID                             | usmkc-abc123           |
| Name                           | kafka-cluster-1        |
| Confluent Platform Kafka       | 4k0R9d1GTS5tI9f4Y2xZ0Q |
| Cluster ID                     |                        |
| Cloud                          | AWS                    |
| Region                         | us-west-2              |
| Environment                    | env-596                |
+--------------------------------+------------------------+
