+--------------------+-------------+
| Name               | topic-exist |
| Internal           | false       |
| Replication Factor | 0           |
| Partition Count    | 3           |
+--------------------+-------------+

  Partition | Leader |     Replicas     |       ISR         
------------+--------+------------------+-------------------
          0 |   1001 | [1001 1002 1003] | [1001 1002 1003]  
          1 |   1002 | [1001 1002 1003] | [1002 1003]       
          2 |   1003 | [1001 1002 1003] | [1003]            
