Manage Kafka topics.

Usage:
  confluent kafka topic [command]

Available Commands:
  consume     Consume messages from a Kafka topic.
  create      Create a Kafka topic.
  delete      Delete a Kafka topic.
  describe    Describe a Kafka topic.
  list        List Kafka topics.
  produce     Produce messages to a Kafka topic.
  update      Update a Kafka topic.

Global Flags:
  -h, --help            Show help for this command.
      --unsafe-trace    Equivalent to -vvvv, but also log HTTP requests and responses which may contain plaintext secrets.
  -v, --verbose count   Increase verbosity (-v for warn, -vv for info, -vvv for debug, -vvvv for trace).

Use "confluent kafka topic [command] --help" for more information about a command.
