Manage Apache ZooKeeper™.

Usage:
  confluent local services zookeeper [command]

Aliases:
  zookeeper, zk

Available Commands:
  log         Print logs showing Apache ZooKeeper™ output.
  start       Start Apache ZooKeeper™.
  status      Check if Apache ZooKeeper™ is running.
  stop        Stop Apache ZooKeeper™.
  top         View resource usage for Apache ZooKeeper™.
  version     Print the current version of Apache ZooKeeper™.

Global Flags:
  -h, --help            Show help for this command.
      --unsafe-trace    Equivalent to -vvvv, but also log HTTP requests and responses which may contain plaintext secrets.
  -v, --verbose count   Increase verbosity (-v for warn, -vv for info, -vvv for debug, -vvvv for trace).

Use "confluent local services zookeeper [command] --help" for more information about a command.
