  Mirror State Transition Error  | Mirror State Transition Error   
               Code              |            Message              
---------------------------------+---------------------------------
  MISCONFIGURATION_ERROR         | Wrong config.                   
  MISCONFIGURATION_ERROR         | Wrong config.                   
