[
  {
    "id": "pla-111111",
    "name": "aws-pla",
    "network_id": "n-abcde1",
    "cloud": "AWS",
    "cloud_account": "012345678901",
    "phase": "READY"
  },
  {
    "id": "pla-111112",
    "name": "gcp-pla",
    "network_id": "n-abcde1",
    "cloud": "GCP",
    "cloud_account": "temp-gear-123456",
    "phase": "READY"
  },
  {
    "id": "pla-111113",
    "name": "azure-pla",
    "network_id": "n-abcde1",
    "cloud": "AZURE",
    "cloud_account": "1234abcd-12ab-34cd-1234-123456abcdef",
    "phase": "READY"
  }
]
