List subjects.

Usage:
  confluent schema-registry subject list [flags]

Flags:
      --deleted              View the deleted subjects.
      --prefix string        Subject prefix. (default ":*:")
      --context string       CLI context name.
      --environment string   Environment ID.
  -o, --output string        Specify the output format as "human", "json", or "yaml". (default "human")

Global Flags:
  -h, --help            Show help for this command.
      --unsafe-trace    Equivalent to -vvvv, but also log HTTP requests and responses which might contain plaintext secrets.
  -v, --verbose count   Increase verbosity (-v for warn, -vv for info, -vvv for debug, -vvvv for trace).
