Print logs showing ksqlDB Server output.

Usage:
  confluent local services ksql-server log [flags]

Flags:
  -f, --follow   Log additional output until the command is interrupted.

Global Flags:
  -h, --help            Show help for this command.
      --unsafe-trace    Equivalent to -vvvv, but also log HTTP requests and responses which might contain plaintext secrets.
  -v, --verbose count   Increase verbosity (-v for warn, -vv for info, -vvv for debug, -vvvv for trace).
