+----------------+---------------+
| Name           | myexporter    |
| Subjects       | foo, bar      |
| Subject Format | my-${subject} |
| Context Type   | CUSTOM        |
| Context        | mycontext     |
| Config         | key1="value1" |
|                | key2="value2" |
+----------------+---------------+
