[
  {
    "name": "ap-northeast-1 (Tokyo)",
    "cloud": "AWS",
    "region": "ap-northeast-1"
  },
  {
    "name": "asia-east2 (Hong Kong)",
    "cloud": "GCP",
    "region": "asia-east2"
  },
  {
    "name": "asia-southeast1 (Singapore)",
    "cloud": "GCP",
    "region": "asia-southeast1"
  },
  {
    "name": "southeastasia (Singapore)",
    "cloud": "AZURE",
    "region": "southeastasia"
  },
  {
    "name": "us-east-1 (N. Virginia)",
    "cloud": "AWS",
    "region": "us-east-1"
  }
]
