{
  "id": "lkc-describe",
  "name": "kafka-cluster",
  "type": "BASIC",
  "ingress": 100,
  "egress": 100,
  "storage": "5 TB",
  "provider": "aws",
  "region": "us-west-2",
  "availability": "single-zone",
  "status": "PROVISIONED",
  "endpoint": "SASL_SSL://kafka-endpoint",
  "rest_endpoint": "http://kafka-rest-url"
}
