+---------------+---------------------------+
| ID            | lkc-update                |
| Name          | lkc-update-name           |
| Type          | BASIC                     |
| Ingress       |                       100 |
| Egress        |                       100 |
| Storage       | 5 TB                      |
| Provider      | aws                       |
| Availability  | single-zone               |
| Region        | us-west-2                 |
| Status        | PROVISIONED               |
| Endpoint      | SASL_SSL://kafka-endpoint |
| API Endpoint  | http://kafka-api-url      |
| REST Endpoint | http://kafka-rest-url     |
+---------------+---------------------------+
