+---------------+---------------------------+
| Current       | true                      |
| ID            | lkc-update                |
| Name          | lkc-update-name           |
| Type          | BASIC                     |
| Ingress       |                       100 |
| Egress        |                       100 |
| Storage       | 5 TB                      |
| Provider      | aws                       |
| Region        | us-west-2                 |
| Availability  | single-zone               |
| Status        | UP                        |
| Endpoint      | SASL_SSL://kafka-endpoint |
| REST Endpoint | http://127.0.0.1:1025     |
| Topic Count   |                         2 |
+---------------+---------------------------+
