+----------------------+--------------------------------+
| Current              | true                           |
| ID                   | lkc-describe-dedicated-pending |
| Name                 | kafka-cluster                  |
| Type                 | DEDICATED                      |
| Cluster Size         |                              1 |
| Pending Cluster Size |                              2 |
| Ingress              |                             50 |
| Egress               |                            150 |
| Storage              | Infinite                       |
| Provider             | aws                            |
| Region               | us-west-2                      |
| Availability         | single-zone                    |
| Status               | EXPANDING                      |
| Endpoint             | SASL_SSL://kafka-endpoint      |
| REST Endpoint        | http://127.0.0.1:1025          |
| Topic Count          |                              2 |
+----------------------+--------------------------------+
