{
  "Id": "lkc-describe-dedicated-pending",
  "Name": "kafka-cluster",
  "Type": "DEDICATED",
  "ClusterSize": 1,
  "PendingClusterSize": 2,
  "NetworkIngress": 50,
  "NetworkEgress": 150,
  "Storage": "Infinite",
  "ServiceProvider": "aws",
  "Region": "us-west-2",
  "Availability": "single-zone",
  "Status": "EXPANDING",
  "Endpoint": "SASL_SSL://kafka-endpoint",
  "RestEndpoint": "http://kafka-rest-url"
}
