is_current: true
id: lkc-describe-dedicated-pending
name: kafka-cluster
type: DEDICATED
cluster_size: 1
pending_cluster_size: 2
ingress: 50
egress: 150
storage: Infinite
provider: aws
region: us-west-2
availability: single-zone
status: EXPANDING
endpoint: SASL_SSL://kafka-endpoint
rest_endpoint: http://127.0.0.1:1027
topic_count: 2
