availability: single-zone
cluster_size: 1
egress: 150
endpoint: SASL_SSL://kafka-endpoint
id: lkc-describe-dedicated-pending
ingress: 50
name: kafka-cluster
pending_cluster_size: 2
provider: aws
region: us-west-2
rest_endpoint: http://kafka-rest-url
status: EXPANDING
storage: Infinite
type: DEDICATED
