availability: single-zone
cluster_size: 1
egress: 150
endpoint: SASL_SSL://kafka-endpoint
id: lkc-describe-dedicated-pending
ingress: 50
name: kafka-cluster
pending_cluster_size: 2
provider: aws
region: us-west-2
rest_endpoint: http://127.0.0.1:1025
status: EXPANDING
storage: Infinite
topic_count: 2
type: DEDICATED
