+----------------------+----------------------------------------+
| Current              | true                                   |
| ID                   | lkc-describe-dedicated-with-encryption |
| Name                 | kafka-cluster                          |
| Type                 | DEDICATED                              |
| Cluster Size         |                                      1 |
| Ingress Limit (MB/s) |                                     50 |
| Egress Limit (MB/s)  |                                    150 |
| Storage              | Infinite                               |
| Provider             | aws                                    |
| Region               | us-west-2                              |
| Availability         | single-zone                            |
| Status               | UP                                     |
| Endpoint             | SASL_SSL://kafka-endpoint              |
| Encryption Key ID    | abc123                                 |
| REST Endpoint        | http://127.0.0.1:1025                  |
| Topic Count          |                                      2 |
+----------------------+----------------------------------------+
