+----------------------+-----------------------------+
| Current              | true                        |
| ID                   | lkc-update-dedicated-expand |
| Name                 | lkc-update-dedicated-expand |
| Type                 | DEDICATED                   |
| Cluster Size         |                           1 |
| Pending Cluster Size |                           2 |
| Ingress Limit (MB/s) |                          50 |
| Egress Limit (MB/s)  |                         150 |
| Storage              | Infinite                    |
| Provider             | aws                         |
| Region               | us-west-2                   |
| Availability         | single-zone                 |
| Status               | EXPANDING                   |
| Endpoint             | SASL_SSL://kafka-endpoint   |
| REST Endpoint        | http://127.0.0.1:1027       |
| Topic Count          |                           2 |
+----------------------+-----------------------------+
