  Current |   ID    | Name | Type  | Provider |   Region    | Availability | Network  |    Status     
----------+---------+------+-------+----------+-------------+--------------+----------+---------------
          | lkc-123 | abc  | BASIC | gcp      | us-central1 | single-zone  | n-abcde1 | PROVISIONING  
          | lkc-456 | def  | BASIC | gcp      | us-central1 | multi-zone   | n-abcde1 | PROVISIONING  
