Dedicated clusters may take several minutes to be created due to higher-than-normal latency in AWS region "us-west-2".
     Id     | Name | Type  | Provider |   Region    | Availability |    Status     
------------+------+-------+----------+-------------+--------------+---------------
    lkc-123 | abc  | BASIC | gcp      | us-central1 | single-zone  | PROVISIONING  
    lkc-456 | def  | BASIC | gcp      | us-central1 | multi-zone   | PROVISIONING  
