  Cloud ID |      Cloud Name       |    Region ID    |         Region Name          
-----------+-----------------------+-----------------+------------------------------
  gcp      | Google Cloud Platform | asia-east2      | asia-east2 (Hong Kong)       
  gcp      | Google Cloud Platform | asia-southeast1 | asia-southeast1 (Singapore)  
