Error: accepts 1 arg(s), received 0
Usage:
  ccloud kafka consumer-group lag summarize <consumer-group> [flags]

Examples:
Summarize the lag for the `my_consumer_group` consumer-group.

::

  ccloud kafka consumer-group lag summarize my_consumer_group



Flags:
  -o, --output string        Specify the output format as "human", "json", or "yaml". (default "human")
      --environment string   Environment ID.
      --cluster string       Kafka cluster ID.
      --context string       CLI Context name.

Global Flags:
  -h, --help            Show help for this command.
  -v, --verbose count   Increase verbosity (-v for warn, -vv for info, -vvv for debug, -vvvv for trace).

