List consumer lags for a Kafka consumer group.

Usage:
  ccloud kafka consumer-group lag list <id> [flags]

Examples:
List all consumer lags for consumers in the ``my_consumer_group`` consumer-group.

::

  ccloud kafka consumer-group lag list my_consumer_group



Flags:
  -o, --output string        Specify the output format as "human", "json", or "yaml". (default "human")
      --environment string   Environment ID.
      --cluster string       Kafka cluster ID.
      --context string       CLI Context name.

Global Flags:
  -h, --help            Show help for this command.
  -v, --verbose count   Increase verbosity (-v for warn, -vv for info, -vvv for debug, -vvvv for trace).
