View consumer lag.

Usage:
  ccloud kafka consumer-group lag [command]

Available Commands:
  get         Get consumer lag for a Kafka topic partition.
  list        List consumer lags for a Kafka consumer group.

Flags:
      --environment string   Environment ID.
      --cluster string       Kafka cluster ID.
      --context string       CLI Context name.

Global Flags:
  -h, --help            Show help for this command.
  -v, --verbose count   Increase verbosity (-v for warn, -vv for info, -vvv for debug, -vvvv for trace).

Use "ccloud kafka consumer-group lag [command] --help" for more information about a command.
