The `ccloud` CLI is scheduled for deprecation. All `ccloud` features have been moved to the `confluent` CLI.
For more details: https://docs.confluent.io/ccloud-cli/current/index.html

  ServiceAccountId | Permission | Operation | Resource |     Name     |  Type    
-------------------+------------+-----------+----------+--------------+----------
  User:0           | ALLOW      | READ      | TOPIC    | 'test-topic' | LITERAL  
  User:0           | ALLOW      | DESCRIBE  | TOPIC    | 'test-topic' | LITERAL  
