The `ccloud` CLI is scheduled for deprecation. All `ccloud` features have been moved to the `confluent` CLI.
For more details: https://docs.confluent.io/ccloud-cli/current/index.html

{
  "topic_name": "topic-exist",
  "partition_count": 3,
  "replication_factor": 3,
  "partitions": [
    {
      "topic": "topic-exist",
      "partition": 0,
      "leader": 1001,
      "replicas": [1001, 1002, 1003],
      "isr": [1001, 1002, 1003]
    }, 
    {
      "topic": "topic-exist",
      "partition": 1,
      "leader": 1002,
      "replicas": [1001, 1002, 1003],
      "isr": [1002, 1003]
    }, 
    {
      "topic": "topic-exist",
      "partition": 2,
      "leader": 1003,
      "replicas": [1001, 1002, 1003],
      "isr": [1003]
    }
  ],
  "config": {
    "cleanup.policy": "delete",
    "compression.type": "producer",
    "retention.ms": "604800000"
  }
}
