Start a single-node instance of Apache Kafka.

Usage:
  confluent local kafka start [flags]

Flags:
      --kafka-rest-port string   The port number for Kafka REST. (default "8082")
      --plaintext-port string    The port number for plaintext producer and consumer clients. If not specified, a random free port will be used.

Global Flags:
  -h, --help            Show help for this command.
      --unsafe-trace    Equivalent to -vvvv, but also log HTTP requests and responses which might contain plaintext secrets.
  -v, --verbose count   Increase verbosity (-v for warn, -vv for info, -vvv for debug, -vvvv for trace).
