+--------------------+----------------------------------------------+
| ID                 | ap-54321                                     |
| Environment        | env-596                                      |
| Gateway            | gw-123456                                    |
| Phase              | READY                                        |
| Network Interfaces | eni-00000000000000000, eni-00000000000000001 |
| Aws Account        | 000000000000                                 |
+--------------------+----------------------------------------------+
