{
  "id": "ap-54321",
  "name": "my-aws-private-network-interface-access-point",
  "environment": "env-596",
  "gateway": "gw-12345",
  "phase": "READY",
  "network_interfaces": ["eni-00000000000000000", "eni-00000000000000001"],
  "aws_account": "000000000000",
  "egress_routes": ["172.31.0.0/16", "192.168.1.0/24"]
}
