+--------------------+----------------------------------------------+
| ID                 | ap-54321                                     |
| Environment        | env-596                                      |
| Gateway            | gw-12345                                     |
| Phase              | READY                                        |
| Network Interfaces | eni-00000000000000002, eni-00000000000000003 |
| Aws Account        | 000000000000                                 |
+--------------------+----------------------------------------------+
