    ID    | Cloud |  Region   | Service | Is Private | Connection Type |                           Endpoint URL                           | Endpoint Type | Environment |  Resource  | Gateway  | Access Point  
----------+-------+-----------+---------+------------+-----------------+------------------------------------------------------------------+---------------+-------------+------------+----------+---------------
  e-12345 | AWS   | us-west-2 | KAFKA   | true       | PRIVATE_LINK    | https://lkc-abc123-ap12345.us-west-2.aws.glb.confluent.cloud:443 | REST          | env-00000   | lkc-abc123 | gw-12345 | ap-12345      
