+---------------+--------------------------------+
| Topic Name    | orders_topic                   |
| Cloud         | AWS                            |
| Description   | Customer orders table for      |
|               | real-time analytics            |
| Environment   | env-00000                      |
| Kafka Cluster | lkc-00000                      |
| Region        | us-west-2                      |
| Error Message | Failed to provision table:     |
|               | insufficient resources         |
| Phase         | ACTIVE                         |
+---------------+--------------------------------+
