[
  {
    "client": "client-1",
    "cluster": "cluster-1",
    "consumer": "consumer-1",
    "consumer_group": "consumer-group-1",
    "current_offset": "1",
    "instance": "instance-1",
    "lag": "100",
    "log_end_offset": "101",
    "partition": "1",
    "topic": "topic-1"
  }, 
  {
    "client": "client-2",
    "cluster": "cluster-1",
    "consumer": "consumer-2",
    "consumer_group": "consumer-group-1",
    "current_offset": "1",
    "instance": "instance-2",
    "lag": "10",
    "log_end_offset": "11",
    "partition": "2",
    "topic": "topic-1"
  }
]
