Error: required flag(s) "cloud" not set
Usage:
  confluent custom-code-logging create [flags]

Examples:
Create custom code logging.

  $ confluent custom-code-logging create --cloud aws --region us-west-2 --topic topic-123 --cluster cluster-123 --environment env-000000

Flags:
      --cloud string         REQUIRED: Specify the cloud provider as "aws", "azure", or "gcp".
      --region string        REQUIRED: Cloud region for Kafka (use "confluent kafka region list" to see all).
      --cluster string       REQUIRED: Kafka cluster ID.
      --topic string         REQUIRED: Kafka topic of custom code logging destination.
      --environment string   Environment ID.
      --log-level string     Specify the Custom Code Logging Log Level as "INFO", "DEBUG", "ERROR", or "WARN". (default "INFO")
      --context string       CLI context name.
  -o, --output string        Specify the output format as "human", "json", or "yaml". (default "human")

Global Flags:
  -h, --help            Show help for this command.
      --unsafe-trace    Equivalent to -vvvv, but also log HTTP requests and responses which might contain plaintext secrets.
  -v, --verbose count   Increase verbosity (-v for warn, -vv for info, -vvv for debug, -vvvv for trace).

