Manage ksqlDB.

Usage:
  confluent ksql [command]

Available Commands:
  app         Manage ksqlDB apps. (DEPRECATED) In the next major release, the `confluent ksql app` commands will be removed. Use the equivalent `confluent ksql cluster` commands instead.
  cluster     Manage ksqlDB clusters.

Global Flags:
  -h, --help            Show help for this command.
  -v, --verbose count   Increase verbosity (-v for warn, -vv for info, -vvv for debug, -vvvv for trace).

Use "confluent ksql [command] --help" for more information about a command.
