Create a DNS forwarder.

Usage:
  confluent network dns forwarder create [name] [flags]

Examples:
Create a DNS forwarder.

  $ confluent network dns forwarder create --dns-server-ips 10.200.0.0,10.201.0.0 --gateway gw-123456 --domains abc.com,def.com 

Create a named DNS forwarder.

  $ confluent network dns forwarder create my-dns-forwarder --dns-server-ips 10.200.0.0,10.201.0.0 --gateway gw-123456 --domains abc.com,def.com 

Flags:
      --gateway string           REQUIRED: Gateway ID.
      --dns-server-ips strings   REQUIRED: A comma-separated list of IP addresses for the DNS server.
      --domains strings          REQUIRED: A comma-separated list of domains for the DNS forwarder to use.
      --context string           CLI context name.
      --environment string       Environment ID.
  -o, --output string            Specify the output format as "human", "json", or "yaml". (default "human")

Global Flags:
  -h, --help            Show help for this command.
      --unsafe-trace    Equivalent to -vvvv, but also log HTTP requests and responses which might contain plaintext secrets.
  -v, --verbose count   Increase verbosity (-v for warn, -vv for info, -vvv for debug, -vvvv for trace).
