+----------------+---------------------------------+
| ID             | dnsf-abcde1                     |
| Name           | my-dns-forwarder                |
| Domains        | abc.com, def.com,               |
|                | example.domain, xyz.com,        |
|                | my.dns.forwarder.example.domain |
| DNS Server IPs | 10.200.0.0                      |
| Environment    | env-00000                       |
| Gateway        | gw-111111                       |
| Phase          | READY                           |
+----------------+---------------------------------+
