[
  {
    "id": "nle-111111",
    "name": "",
    "description": "example network link endpoint",
    "network_link_endpoint": "nle-111111",
    "network_link_service": "nls-123456",
    "phase": "PENDING_ACCEPT"
  },
  {
    "id": "nle-222222",
    "name": "my-network-link-endpoint-2",
    "description": "example network link endpoint",
    "network_link_endpoint": "nle-222222",
    "network_link_service": "nls-123456",
    "phase": "READY"
  }
]
