+--------------------------+--------------------------------+
| Creation Date            | 2025-08-05 12:00:00 +0000 UTC  |
| Name                     | test-stmt-savepoint            |
| Statement                | SELECT * FROM test_table       |
| Compute Pool             | test-pool                      |
| Status                   | PENDING                        |
| Status Detail            | Statement is pending           |
|                          | execution.                     |
| Parallelism              | 1                              |
| Stopped                  | false                          |
| SQL Kind                 | SELECT                         |
| From Savepoint Path      | savepointPath                  |
| Allow Non Restored State | true                           |
+--------------------------+--------------------------------+
