+-----------------------+----------------------+
| ID                    | nls-123456           |
| Name                  | test-nls             |
| Network               | n-abcde1             |
| Environment           | env-00000            |
| Description           | test nls             |
| Accepted Environments | env-11111, env-22222 |
| Accepted Networks     | n-abcde2, n-abcde3   |
| Phase                 | READY                |
+-----------------------+----------------------+
