Checking for updates...
New version of confluent is available
Current Version: v0.0.0
Latest Version:  v0.1.1

[1/1/1970] Confluent CLI v0.1.0 Release Notes
=============================================

New Features
------------
- New Feature #1

[1/2/1970] Confluent CLI v0.1.1 Release Notes
=============================================

Bug Fixes
---------
- Bug Fix #1

Do you want to download and install this update? (y/n): 