- timestamp: "2025-06-16T05:44:23.761Z"
  level: INFO
  message: WorkerSourceTask{id=lcc-devc9myo50-0} Committing offsets for 130 acknowledged messages
  taskid: task-0
  id: lcc-devc9myo50
  exception: null
- timestamp: "2025-06-16T05:43:23.757Z"
  level: INFO
  message: WorkerSourceTask{id=lcc-devc9myo50-0} Committing offsets for 128 acknowledged messages
  taskid: task-0
  id: lcc-devc9myo50
  exception: null
