+-----------------------+------------------------------+
| ID                    | nls-123456                   |
| Name                  | my-network-link-service      |
| Network               | n-abcde1                     |
| Environment           | env-00000                    |
| Description           | example network link service |
| Accepted Environments | env-11111, env-22222         |
| Accepted Networks     | n-abcde2, n-abcde3           |
| Phase                 | READY                        |
+-----------------------+------------------------------+
