[
  {
    "name": "default",
    "created_time": "2024-09-10T23:00:00Z",
    "updated_time": "2024-09-10T23:00:00Z",
    "kubernetesNamespace": "default-namespace"
  },
  {
    "name": "test",
    "created_time": "2024-09-10T23:00:00Z",
    "updated_time": "2024-09-10T23:00:00Z",
    "kubernetesNamespace": "test-namespace"
  },
  {
    "name": "update-failure",
    "created_time": "2024-09-10T23:00:00Z",
    "updated_time": "2024-09-10T23:00:00Z",
    "kubernetesNamespace": "update-failure-namespace"
  }
]
