+-------------------+----------------------------------------------------+
| ID                | cspi-42o61                                         |
| Name              | cdong-test2                                        |
| Provider          | aws                                                |
| Environment       | env-9zgy77                                         |
| IAM Role ARN      | arn:aws:iam::851725421142:role/cspi-42o61          |
| External ID       | 999219d4-37f4-49ac-abfe-d2b6528fb21b               |
| Customer Role ARN | arn:aws:iam::037803949979:role/tarun-iam-test-role |
+-------------------+----------------------------------------------------+

⚠️  DEPRECATION NOTICE:
This provider integration resource will be deprecated in Q4 2025.
Please prepare to upgrade to the new provider integration v2 resource when available:
  confluent provider-integration v2 create --help
