  Current |  Key   | Description |  Owner  |   Owner Email    |  Resource Type  | Resource |       Created         
----------+--------+-------------+---------+------------------+-----------------+----------+-----------------------
          | MYKEY7 |             | u-44ddd | mhe@confluent.io | schema-registry | lsrc-1   | 1999-02-24T00:00:00Z  
