  Current |     Key     | Description |  Owner   |     Owner Email      | Resource Type | Resource  |       Created         
----------+-------------+-------------+----------+----------------------+---------------+-----------+-----------------------
  *       | MYKEY4      | my-cool-app | u-44ddd  | mhe@confluent.io     | kafka         | lkc-cool1 | 1999-02-24T00:00:00Z  
          | MYKEY9      |             | sa-12345 | <service account>    | kafka         | lkc-cool1 | 1999-02-24T00:00:00Z  
          | UIAPIKEY100 |             | u-22bbb  | u-22bbb@confluent.io | kafka         | lkc-cool1 | 1999-02-24T00:00:00Z  
          | UIAPIKEY103 |             | u-22bbb  | u-22bbb@confluent.io | kafka         | lkc-cool1 | 1999-02-24T00:00:00Z  
