Error: required flag(s) "resource" not set
Usage:
  confluent api-key use <api-key> [flags]

Flags:
      --resource string   REQUIRED: The ID of the resource the API key is for. Use "cloud" for a Cloud API key.

Global Flags:
  -h, --help            Show help for this command.
      --unsafe-trace    Equivalent to -vvvv, but also log HTTP requests and responses which might contain plaintext secrets.
  -v, --verbose count   Increase verbosity (-v for warn, -vv for info, -vvv for debug, -vvvv for trace).

