- key: DEACTIVATEDUSERKEY
  description: ""
  owner: sa-6666
  owner_email: <deactivated user>
  resource_type: kafka
  resource: lkc-bob
  created: "1999-02-24T00:00:00Z"
  expiration: ""
- key: MYKEY1
  description: first-key
  owner: u11
  owner_email: bstrauch@confluent.io
  resource_type: kafka
  resource: lkc-bob
  created: "1999-02-24T00:00:00Z"
  expiration: ""
- key: MYKEY2
  description: ""
  owner: u-17
  owner_email: mtodzo@confluent.io
  resource_type: kafka
  resource: lkc-abc
  created: "1999-02-24T00:00:00Z"
  expiration: "2099-12-31"
- key: MYKEY3
  description: ""
  owner: u-44ddd
  owner_email: mhe@confluent.io
  resource_type: kafka
  resource: lkc-bob
  created: "1999-02-24T00:00:00Z"
  expiration: ""
- key: SERVICEACCOUNTKEY1
  description: ""
  owner: sa-12345
  owner_email: <service account>
  resource_type: kafka
  resource: lkc-bob
  created: "1999-02-24T00:00:00Z"
  expiration: ""
- key: UIAPIKEY100
  description: ""
  owner: u-22bbb
  owner_email: u-22bbb@confluent.io
  resource_type: kafka
  resource: lkc-cool1
  created: "1999-02-24T00:00:00Z"
  expiration: ""
- key: UIAPIKEY101
  description: ""
  owner: u-22bbb
  owner_email: u-22bbb@confluent.io
  resource_type: kafka
  resource: lkc-other1
  created: "1999-02-24T00:00:00Z"
  expiration: ""
- key: UIAPIKEY102
  description: ""
  owner: u-22bbb
  owner_email: u-22bbb@confluent.io
  resource_type: ksql
  resource: lksqlc-ksql1
  created: "1999-02-24T00:00:00Z"
  expiration: ""
- key: UIAPIKEY103
  description: ""
  owner: u-22bbb
  owner_email: u-22bbb@confluent.io
  resource_type: kafka
  resource: lkc-cool1
  created: "1999-02-24T00:00:00Z"
  expiration: ""
- key: UIGLOBALKEY100
  description: ""
  owner: u-22bbb
  owner_email: u-22bbb@confluent.io
  resource_type: global
  resource: ""
  created: "1999-02-24T00:00:00Z"
  expiration: ""
