      ID      |   Display Name    |         Description         |            Slack Target Webhook Url             | Role Email Target Role Name | Webhook Target Url | Ms Teams Target Webhook Url  
--------------+-------------------+-----------------------------+-------------------------------------------------+-----------------------------+--------------------+------------------------------
  dlz-f3a90de | Slack integration | A Slack channel integration | https://hooks.slack.com/services/{id}/{id}/{id} |                             |                    |                              
