+--------------------------------+--------------------------------+
| ID                             | plattc-gcp-2                   |
| Name                           | my-gcp-platt-connection        |
| Cloud                          | GCP                            |
| Private Link Attachment        | platt-111111                   |
| Phase                          | PROVISIONING                   |
| GCP Private Service Connect    | gcp-private-service-connect-id |
| Connection ID                  |                                |
+--------------------------------+--------------------------------+
