Updated notifications integration "integration-1".
+-----------------------------+----------------------------------------------------------------------+
| ID                          | dlz-f3a90de                                                          |
| Display Name                | Slack integration                                                    |
| Description                 | A Slack channel integration                                          |
| Ms Teams Target Webhook Url | https://admin.webhook.office.com/webhookb2/{id}/IncomingWebhook/{id} |
+-----------------------------+----------------------------------------------------------------------+
