+----------------+-------------------------------------------+
| ID             | pool-12345                                |
| Name           | identity_pool                             |
| Description    | pooling identities                        |
| Identity Claim | sub                                       |
| Filter         | claims.iss="https://company.provider.com" |
+----------------+-------------------------------------------+
