+----------------+-------------------------------------------------+
| ID             | pool-12345                                      |
| Name           | newer-name                                      |
| Description    | more-descriptive                                |
| Identity Claim | new-sub                                         |
| Filter         | claims.iss=https://new-company.new-provider.com |
+----------------+-------------------------------------------------+
