The Confluent Cloud CLI is deprecated and will no longer be supported on May 9, 2022. All `ccloud` features have been moved to the Confluent CLI: https://docs.confluent.io/confluent-cli/current/index.html
To update to the new CLI, run `ccloud update --major`. See the migration guide for more details: https://docs.confluent.io/ccloud-cli/current/migrate.html

        Config Name       |   Config Value   | Read Only | Sensitive |  Source  |  Synonyms    
--------------------------+------------------+-----------+-----------+----------+--------------
  dest.cluster.id         | cluster-1        | true      | true      |          | []           
  replica.fetch.max.bytes |          1048576 | false     | false     | source-1 | [rfmb bmfr]  
  bootstrap.servers       | bitcoin.com:8888 | false     | false     | source-2 | []           
