The `ccloud` CLI is scheduled for deprecation. All `ccloud` features have been moved to the `confluent` CLI.
For more details: https://docs.confluent.io/ccloud-cli/current/index.html

  Link Name | Mirror Topic Name | Partition | Partition Mirror Lag | Source Topic Name | Mirror Status | Status Time Ms | Last Source Fetch Offset  
------------+-------------------+-----------+----------------------+-------------------+---------------+----------------+---------------------------
  link-1    | dest-topic-1      |         0 |               142857 | src-topic-1       | active        |      111111111 |                  1293009  
  link-1    | dest-topic-1      |         1 |               285714 | src-topic-1       | active        |      111111111 |                 28340404  
  link-1    | dest-topic-1      |         2 |               571428 | src-topic-1       | active        |      111111111 |                  5739304  
