  LinkName | DestinationTopicName | SourceTopicName | MirrorStatus | StatusTimeMs  
+----------+----------------------+-----------------+--------------+--------------+
  link-1   | dest-topic-1         | src-topic-1     | active       |    111111111  
  link-2   | dest-topic-2         | src-topic-2     | stopped      |    222222222  
