The `ccloud` CLI is scheduled for deprecation. All `ccloud` features have been moved to the `confluent` CLI.
For more details: https://docs.confluent.io/ccloud-cli/current/index.html

  Link Name | Source Cluster Id  
------------+--------------------
  link-1    | cluster-1          
  link-2    | cluster-1          
