Start Flink interactive SQL client.

Usage:
  confluent flink shell [flags]

Flags:
      --compute-pool string      Flink compute pool ID.
      --service-account string   Service account ID.
      --database string          The database which will be used as the default database. When using Kafka, this is the cluster ID.
      --environment string       Environment ID.
      --context string           CLI context name.
      --enable-lsp               Enables the flink language service integration.

Global Flags:
  -h, --help            Show help for this command.
      --unsafe-trace    Equivalent to -vvvv, but also log HTTP requests and responses which might contain plaintext secrets.
  -v, --verbose count   Increase verbosity (-v for warn, -vv for info, -vvv for debug, -vvvv for trace).
