       ID      |     Name      | Cloud |  Region   |                AWS VPC Endpoint Service                 |                                   Azure Private Link Service                                   |                                                             Azure Private Link Service ID                                                              |          Phase           
               |               |       |           |                                                         |                                             Alias                                              |                                                                                                                                                        |                          
---------------+---------------+-------+-----------+---------------------------------------------------------+------------------------------------------------------------------------------------------------+--------------------------------------------------------------------------------------------------------------------------------------------------------+--------------------------
  platt-111111 | aws-platt-1   | AWS   | us-west-2 |                                                         |                                                                                                |                                                                                                                                                        | PROVISIONING             
  platt-111112 | aws-platt-2   | AWS   | us-west-2 | com.amazonaws.vpce.us-west-2.vpce-svc-01234567890abcdef |                                                                                                |                                                                                                                                                        | WAITING_FOR_CONNECTIONS  
  platt-111113 | aws-platt-3   | AWS   | us-west-2 | com.amazonaws.vpce.us-west-2.vpce-svc-01234567890abcdef |                                                                                                |                                                                                                                                                        | WAITING_FOR_CONNECTIONS  
  platt-azure  | azure-platt-1 | Azure | us-west-2 |                                                         | azure-vnet-privatelink-1.a0a0aa00-a000-0aa0-a00a-0aaa0000a00a.eastus2.azure.privatelinkservice | /subscriptions/aa000000-a000-0a00-00aa-0000aaa0a0a0/resourceGroups/azure-vnet/providers/Microsoft.Network/privateLinkServices/azure-vnet-privatelink-1 | WAITING_FOR_CONNECTIONS  
