Create a Kafka ACL.

Usage:
  confluent kafka acl create [flags]

Examples:
You can specify only one of the following flags per command invocation: `--cluster-scope`, `--consumer-group`, `--topic`, or `--transactional-id`. For example, for a consumer to read a topic, you need to grant "read" and "describe" both on the `--consumer-group` and the `--topic` resources, issuing two separate commands:

  $ confluent kafka acl create --allow --service-account sa-55555 --operations read,describe --consumer-group java_example_group_1

  $ confluent kafka acl create --allow --service-account sa-55555 --operations read,describe --topic "*"

Flags:
      --operations strings        REQUIRED: A comma-separated list of ACL operations: (alter, alter-configs, cluster-action, create, delete, describe, describe-configs, idempotent-write, read, write).
      --principal string          Principal for this operation, prefixed with "User:".
      --allow                     Access to the resource is allowed.
      --deny                      Access to the resource is denied.
      --cluster-scope             Modify ACLs for the cluster.
      --topic string              Modify ACLs for the specified topic resource.
      --consumer-group string     Modify ACLs for the specified consumer group resource.
      --transactional-id string   Modify ACLs for the specified TransactionalID resource.
      --prefix                    When this flag is set, the specified resource name is interpreted as a prefix.
      --cluster string            Kafka cluster ID or name.
      --context string            CLI context name.
      --environment string        Environment ID or name.
  -o, --output string             Specify the output format as "human", "json", or "yaml". (default "human")
      --service-account string    Service account ID or name.

Global Flags:
  -h, --help            Show help for this command.
      --unsafe-trace    Equivalent to -vvvv, but also log HTTP requests and responses which might contain plaintext secrets.
  -v, --verbose count   Increase verbosity (-v for warn, -vv for info, -vvv for debug, -vvvv for trace).
