+---------------------+----------------------------------------+
| Compatibility Level | FORWARD                                |
| Compatibility Group | application.version                    |
| Metadata Defaults   | {                                      |
|                     |   "properties": {                      |
|                     |     "email": "bob@acme.com",           |
|                     |     "owner": "Bob Jones"               |
|                     |   }                                    |
|                     | }                                      |
| Ruleset Defaults    | {                                      |
|                     |   "domainRules": [                     |
|                     |     {                                  |
|                     |       "name": "checkSsnLen",           |
|                     |       "kind": "CONDITION",             |
|                     |       "mode": "WRITE",                 |
|                     |       "type": "CEL",                   |
|                     |       "expr": "size(message.ssn) == 9" |
|                     |     }                                  |
|                     |   ]                                    |
|                     | }                                      |
+---------------------+----------------------------------------+
