+-------------+--------------------------------+
| ID          | group-12345                    |
| Name        | my-group-mapping               |
| Description | new description                |
| Filter      | "engineering" in claims.group  |
|             | || "marketing" in claims.group |
| Principal   | group-12345                    |
| State       | ENABLED                        |
+-------------+--------------------------------+
