+-------------+--------------------------------+
| ID          | pool-12345                     |
| Name        | group_mapping                  |
| Description | new-group-description          |
| Filter      | "engineering" in claims.group  |
|             | || "marketing" in claims.group |
| Principal   | pool-12345                     |
| State       | ENABLED                        |
+-------------+--------------------------------+
