Updated IAM group mapping "group-abc".
+-------------+-----------------------+
| ID          | group-abc             |
| Name        | another-group-mapping |
| Description |                       |
| Filter      | true                  |
| Principal   | group-abc             |
| State       | ENABLED               |
+-------------+-----------------------+
