failed to delete the following application(s):
  Application | Environment  |        Reason         | Status Code  
--------------+--------------+-----------------------+--------------
  test-app    | non-existent | Environment not found |         404  
              |              |                       |              
