+-------------+----------------------------------+
| Name        | describe-success                 |
| Environment | describe-test                    |
| Job ID      | dcabb1ad6c40495bc2d7fa7a0097c5aa |
| Job State   | RECONCILING                      |
+-------------+----------------------------------+
