The `ccloud` CLI is scheduled for deprecation. All `ccloud` features have been moved to the `confluent` CLI.
For more details: https://docs.confluent.io/ccloud-cli/current/index.html

Error: Unknown API key UNKNOWN

Suggestions:
    Ensure the API key you are trying to store exists and has not been deleted, or create a new API key via `ccloud api-key create`.
