    Key    | Description | Owner | Owner Resource Id |   Owner Email    |  Resource Type  | Resource ID |       Created         
-----------+-------------+-------+-------------------+------------------+-----------------+-------------+-----------------------
    MYKEY7 |             |    23 | u-44ddd           | mhe@confluent.io | schema-registry | lsrc-1      | 1999-02-24T00:00:00Z  
