    Key    | Description | Owner |      Owner Email      |  Resource Type  | Resource ID |       Created        
+----------+-------------+-------+-----------------------+-----------------+-------------+---------------------+
    MYKEY7 |             |    23 | bstrauch@confluent.io | schema-registry | lsrc-1      | 24 Feb 99 00:00 UTC  
