The `ccloud` CLI is scheduled for deprecation. All `ccloud` features have been moved to the `confluent` CLI.
For more details: https://docs.confluent.io/ccloud-cli/current/index.html

In the next major version update, the `--service-account` flag no longer accepts user IDs.

    Key    | Description | Owner | Owner Resource Id |   Owner Email    |  Resource Type  | Resource ID  |       Created         
-----------+-------------+-------+-------------------+------------------+-----------------+--------------+-----------------------
    MYKEY3 |             |    23 | u-44ddd           | mhe@confluent.io | kafka           | lkc-bob      | 1999-02-24T00:00:00Z  
    MYKEY4 | my-cool-app |    23 | u-44ddd           | mhe@confluent.io | kafka           | lkc-cool1    | 1999-02-24T00:00:00Z  
    MYKEY6 | my-ksql-app |    23 | u-44ddd           | mhe@confluent.io | ksql            | lksqlc-ksql1 | 1999-02-24T00:00:00Z  
    MYKEY7 |             |    23 | u-44ddd           | mhe@confluent.io | schema-registry | lsrc-1       | 1999-02-24T00:00:00Z  
    MYKEY8 |             |    23 | u-44ddd           | mhe@confluent.io | cloud           |              | 1999-02-24T00:00:00Z  
