    Key    | Description | Owner |      Owner Email      | Resource Type | Resource ID |       Created        
+----------+-------------+-------+-----------------------+---------------+-------------+---------------------+
    MYKEY8 |             |    23 | bstrauch@confluent.io | cloud         |             | 24 Feb 99 00:00 UTC  
