    Key    | Description | Owner |      Owner Email      | Resource Type | Resource ID |        Created         
+----------+-------------+-------+-----------------------+---------------+-------------+-----------------------+
    MYKEY8 |             |    23 | bstrauch@confluent.io | cloud         |             | 16:00 Tue Feb 23 1999  
