The Confluent Cloud CLI is deprecated and will stop working on May 1, 2022. All `ccloud` features have been moved to the Confluent CLI: https://docs.confluent.io/confluent-cli/current/index.html
To update to the new CLI, run `ccloud update --major`. See the migration guide for more details: https://docs.confluent.io/ccloud-cli/current/migrate.html

Error: required flag(s) "resource" not set
Usage:
  ccloud api-key use <api-key> [flags]

Flags:
      --resource string   REQUIRED: The resource ID.

Global Flags:
  -h, --help            Show help for this command.
  -v, --verbose count   Increase verbosity (-v for warn, -vv for info, -vvv for debug, -vvvv for trace).

