    Key    | Description | Owner |      Owner Email      | Resource Type | Resource ID |       Created        
+----------+-------------+-------+-----------------------+---------------+-------------+---------------------+
    MYKEY1 | first-key   |    12 | bstrauch@confluent.io | kafka         | lkc-bob     | 24 Feb 99 00:00 UTC  
    MYKEY3 |             |    23 | bstrauch@confluent.io | kafka         | lkc-bob     | 24 Feb 99 00:00 UTC  
