    Key    | Description | Owner |      Owner Email      | Resource Type | Resource ID |        Created         
+----------+-------------+-------+-----------------------+---------------+-------------+-----------------------+
    MYKEY1 | first-key   |    12 | bstrauch@confluent.io | kafka         | lkc-bob     | 16:00 Tue Feb 23 1999  
    MYKEY3 |             |    23 | bstrauch@confluent.io | kafka         | lkc-bob     | 16:00 Tue Feb 23 1999  
