{
  "kafka_cluster": "lkc-123456",
  "topic_name": "topic-byob",
  "enable_compaction": true,
  "enable_partitioning": true,
  "environment": "env-596",
  "record_failure_strategy": "SKIP",
  "error_handling": "SKIP",
  "retention_ms": "604800000",
  "storage_type": "BYOS",
  "provider_integration_id": "cspi-stgce89r7",
  "bucket_name": "bucket_1",
  "bucket_region": "us-east-1",
  "suspended": false,
  "table_formats": "ICEBERG",
  "table_path": "s3://dummy-bucket-name-1//10011010/11101100/org-1/env-2/lkc-3/v1/tableId",
  "phase": "RUNNING",
  "catalog_sync_status": {
    "cat-id-123": "SUCCESS",
    "cat-id-456": "FAILED-Connection timeout"
  },
  "failing_table_format": {
    "DELTA": "Connection timeout ",
    "ICEBERG": "Schema validation failed"
  },
  "write_mode": "UPSERT"
}
