+-----------------------------------+------------------------------+
| ID                                | tgwa-111111                  |
| Name                              | aws-tgwa1                    |
| Network                           | n-abcde1                     |
| AWS RAM Share ARN                 |                              |
| AWS Transit Gateway ID            |                              |
| Routes                            |                              |
| AWS Transit Gateway Attachment ID | tgw-attach-00000000000000000 |
| Phase                             | READY                        |
+-----------------------------------+------------------------------+
