Manage network link endpoints.

Usage:
  confluent network network-link endpoint [command]

Available Commands:
  create      Create a network link endpoint.
  delete      Delete one or more network link endpoints.
  describe    Describe a network link endpoint.
  list        List network link endpoints.
  update      Update an existing network link endpoint.

Global Flags:
  -h, --help            Show help for this command.
      --unsafe-trace    Equivalent to -vvvv, but also log HTTP requests and responses which might contain plaintext secrets.
  -v, --verbose count   Increase verbosity (-v for warn, -vv for info, -vvv for debug, -vvvv for trace).

Use "confluent network network-link endpoint [command] --help" for more information about a command.
