      ID     |      Name       | Environment | Kafka Cluster |   Type    | Provider Integration ID |                    Endpoint                    | Warehouse | Allowed Scope |               Workspace Endpoint               | Catalog Name | Client ID | Suspended |   Phase    
-------------+-----------------+-------------+---------------+-----------+-------------------------+------------------------------------------------+-----------+---------------+------------------------------------------------+--------------+-----------+-----------+------------
  tci-abc123 | my-aws-glue-ci  | env-596     | lkc-123456    | aws       | cspi-stgce89r7          |                                                |           |               |                                                |              |           | false     | CONNECTED  
  tci-def456 | my-snowflake-ci | env-596     | lkc-123456    | snowflake |                         | https://vuser1_polaris.snowflakecomputing.com/ | warehouse | allowed-scope |                                                |              |           | false     | PENDING    
  tci-ghi789 | my-unity-ci     | env-596     | lkc-123456    | unity     |                         |                                                |           |               | https://dbc-0e76d5eb-ff10.cloud.databricks.com | catalog-name | client-id | false     | CONNECTED  
