Are you sure you want to delete environment "not-595"?
To confirm, type "default". To cancel, press Ctrl-C: Deleted environment "not-595".
an environment is required; no environments found
Suggestions:
    This issue may occur if this user has no valid role bindings. Contact an Organization Admin to create a role binding for this user.

