Updated environment "env-595".
+---------------------------+----------------+
| Current                   | true           |
| ID                        | env-595        |
| Name                      | new-other-name |
| Stream Governance Package | ADVANCED       |
+---------------------------+----------------+
