  Current |      ID      |   Name   | Stream Governance Package  
----------+--------------+----------+----------------------------
          | env-123      | env123   | ESSENTIALS                 
  *       | env-595      | other    | ADVANCED                   
          | env-596      | default  | ESSENTIALS                 
          | env-srUpdate | srUpdate | ESSENTIALS                 
