Update an existing environment.

Usage:
  confluent environment update [id] [flags]

Flags:
      --governance-package string   Specify the Stream Governance package as "essentials" or "advanced". On create, if not specified, the "essentials" package is used. Downgrading the package from "advanced" to "essentials" is not allowed once the Schema Registry cluster is provisioned.
      --name string                 A human-readable name for the Environment.
      --context string              CLI context name.
  -o, --output string               Specify the output format as "human", "json", or "yaml". (default "human")

Global Flags:
  -h, --help            Show help for this command.
      --unsafe-trace    Equivalent to -vvvv, but also log HTTP requests and responses which might contain plaintext secrets.
  -v, --verbose count   Increase verbosity (-v for warn, -vv for info, -vvv for debug, -vvvv for trace).
