{
  "created_time": "2024-09-10T23:00:00Z",
  "flinkApplicationDefaults": {
    "metadata": {
      "annotations": {
        "fmc.platform.confluent.io/intra-cluster-ssl": "false"
      }
    },
    "spec": {
      "flinkConfiguration": {
        "taskmanager.numberOfTaskSlots": "8"
      }
    }
  },
  "kubernetesNamespace": "default-staging",
  "name": "default-2",
  "statementDefaults": {},
  "updated_time": "2024-09-10T23:00:00Z"
}
