+--------------------------------+----------------------------------------------------------------------------------------------------------------------------------------------------------+
| Name                           | default                                                                                                                                                  |
| Kubernetes Namespace           | default-namespace                                                                                                                                        |
| Created Time                   | 2024-09-10 23:00:00 +0000 UTC                                                                                                                            |
| Updated Time                   | 2024-09-10 23:00:00 +0000 UTC                                                                                                                            |
| Flink Application Defaults     | {"metadata":{"annotations":{"fmc.platform.confluent.io/intra-cluster-ssl":"false"}},"spec":{"flinkConfiguration":{"taskmanager.numberOfTaskSlots":"8"}}} |
| Flink Compute Pool Defaults    | {"metadata":{"name":"test-pool"},"spec":{"type":"DEDICATED"}}                                                                                            |
| Detached Statement Defaults    | {"flinkConfiguration":{"key1":"value1"}}                                                                                                                 |
| Interactive Statement Defaults | {"flinkConfiguration":{"key2":"value2"}}                                                                                                                 |
+--------------------------------+----------------------------------------------------------------------------------------------------------------------------------------------------------+
