Create a network gateway.

Usage:
  confluent network gateway create [name] [flags]

Examples:
Create network gateway "my-gateway".

  $ confluent network gateway create my-gateway --cloud aws --region us-east-1 --type egress-privatelink

Flags:
      --cloud string         REQUIRED: Specify the cloud provider as "aws" or "azure".
      --type string          REQUIRED: Specify the gateway type as "egress-privatelink".
      --region string        REQUIRED: AWS or Azure region of the gateway.
      --context string       CLI context name.
      --environment string   Environment ID.
  -o, --output string        Specify the output format as "human", "json", or "yaml". (default "human")

Global Flags:
  -h, --help            Show help for this command.
      --unsafe-trace    Equivalent to -vvvv, but also log HTTP requests and responses which might contain plaintext secrets.
  -v, --verbose count   Increase verbosity (-v for warn, -vv for info, -vvv for debug, -vvvv for trace).
