+-------------+-------------------------------------+
| ID          | gw-13570                            |
| Name        | my-gcp-gateway                      |
| Environment | env-596                             |
| Region      | eastus                              |
| Type        | GcpEgressPrivateLink                |
| GCP Project | g000000-a000-0a00-00aa-0000aaa0a0a0 |
| Phase       | READY                               |
+-------------+-------------------------------------+
