warning: GOCOVERDIR not set, no coverage data emitted
     ID    |      Name      | Environment |  Region   |         Type         |       AWS Principal ARN        | VPC Endpoint Service Name | Azure Subscription |   Azure Private Link Service   | Azure Private Link Resource ID | GCP IAM Principal | GCP Project | GCP PSC Service Attachment | Phase | Zones | Account | Error Message  
           |                |             |           |                      |                                |                           |                    |             Alias              |                                |                   |             |                            |       |       |         |                
-----------+----------------+-------------+-----------+----------------------+--------------------------------+---------------------------+--------------------+--------------------------------+--------------------------------+-------------------+-------------+----------------------------+-------+-------+---------+----------------
  gw-12345 | my-aws-gateway | env-596     | us-east-1 | AwsEgressPrivateLink | arn:aws:iam::123456789012:role |                           |                    |                                |                                |                   |             |                            | READY |       |         |                
