+---------------+----------------------------------+
| Version       | 2                                |
| Phase         | READY                            |
| Size          | 1024                             |
| Checksum      | d41d8cd98f00b204e9800998ecf8427e |
| Creation Time | 2025-03-12 23:42:00 +0000 UTC    |
+---------------+----------------------------------+
