The following are required configs:
connector.class: GcsSink
kafka.api.key: Kafka API Key
kafka.api.secret: Kafka API Secret
topics: Identifies the topic name.
data.format: Sets the input Kafka record value format.
gcs.credentials.config: GCP service account JSON file.
gcs.bucket.name: Google Cloud Storage bucket name.
time.interval: Partitioning interval of data.
tasks.max: Tasks
