List connector plugin types.

Usage:
  confluent connect plugin list [flags]

Examples:
List connectors in the current or specified Kafka cluster context.

  $ confluent connect plugin list

  $ confluent connect plugin list --cluster lkc-123456

Flags:
      --cluster string       Kafka cluster ID or name.
      --context string       CLI context name.
      --environment string   Environment ID or name.
  -o, --output string        Specify the output format as "human", "json", or "yaml". (default "human")

Global Flags:
  -h, --help            Show help for this command.
      --unsafe-trace    Equivalent to -vvvv, but also log HTTP requests and responses which might contain plaintext secrets.
  -v, --verbose count   Increase verbosity (-v for warn, -vv for info, -vvv for debug, -vvvv for trace).
