       ID       |    Confluent Platform Kafka    |        Name        | Cloud |  Region   | Environment
                |           Cluster Id           |                    |       |           |
----------------+--------------------------------+--------------------+-------+-----------+--------------
  usmkc-f3a90de | 4k0R9d1GTS5tI9f4Y2xZ0Q         | My-Prod-CP-Cluster | AWS   | us-east-1 | env-00000
