Configure ACLs for a ksqlDB cluster.

Usage:
  confluent ksql cluster configure-acls <id> [topic-1] [topic-2] ... [topic-N] [flags]

Flags:
      --dry-run              Run the command without committing changes.
      --cluster string       Kafka cluster ID.
      --context string       CLI context name.
      --environment string   Environment ID.

Global Flags:
  -h, --help            Show help for this command.
      --unsafe-trace    Equivalent to -vvvv, but also log HTTP requests and responses which might contain plaintext secrets.
  -v, --verbose count   Increase verbosity (-v for warn, -vv for info, -vvv for debug, -vvvv for trace).
