  Principal | Permission |    Operation     |  Resource Type   |        Resource Name         | Pattern Type  
------------+------------+------------------+------------------+------------------------------+---------------
  User:1    | ALLOW      | ALTER            | GROUP            | _confluent-ksql-pksqlc-zxcvb | PREFIXED      
  User:1    | ALLOW      | ALTER            | TOPIC            | _confluent-ksql-pksqlc-zxcvb | PREFIXED      
  User:1    | ALLOW      | ALTER            | TOPIC            | pksqlc-zxcvb                 | PREFIXED      
  User:1    | ALLOW      | ALTER_CONFIGS    | GROUP            | _confluent-ksql-pksqlc-zxcvb | PREFIXED      
  User:1    | ALLOW      | ALTER_CONFIGS    | TOPIC            | _confluent-ksql-pksqlc-zxcvb | PREFIXED      
  User:1    | ALLOW      | ALTER_CONFIGS    | TOPIC            | pksqlc-zxcvb                 | PREFIXED      
  User:1    | ALLOW      | CREATE           | GROUP            | _confluent-ksql-pksqlc-zxcvb | PREFIXED      
  User:1    | ALLOW      | CREATE           | TOPIC            | _confluent-ksql-pksqlc-zxcvb | PREFIXED      
  User:1    | ALLOW      | CREATE           | TOPIC            | pksqlc-zxcvb                 | PREFIXED      
  User:1    | ALLOW      | DELETE           | GROUP            | _confluent-ksql-pksqlc-zxcvb | PREFIXED      
  User:1    | ALLOW      | DELETE           | TOPIC            | _confluent-ksql-pksqlc-zxcvb | PREFIXED      
  User:1    | ALLOW      | DELETE           | TOPIC            | pksqlc-zxcvb                 | PREFIXED      
  User:1    | ALLOW      | DESCRIBE         | CLUSTER          | kafka-cluster                | LITERAL       
  User:1    | ALLOW      | DESCRIBE         | GROUP            | *                            | LITERAL       
  User:1    | ALLOW      | DESCRIBE         | GROUP            | _confluent-ksql-pksqlc-zxcvb | PREFIXED      
  User:1    | ALLOW      | DESCRIBE         | TOPIC            | *                            | LITERAL       
  User:1    | ALLOW      | DESCRIBE         | TOPIC            | _confluent-ksql-pksqlc-zxcvb | PREFIXED      
  User:1    | ALLOW      | DESCRIBE         | TOPIC            | pksqlc-zxcvb                 | PREFIXED      
  User:1    | ALLOW      | DESCRIBE         | TRANSACTIONAL_ID |                              | LITERAL       
  User:1    | ALLOW      | DESCRIBE_CONFIGS | CLUSTER          | kafka-cluster                | LITERAL       
  User:1    | ALLOW      | DESCRIBE_CONFIGS | GROUP            | *                            | LITERAL       
  User:1    | ALLOW      | DESCRIBE_CONFIGS | GROUP            | _confluent-ksql-pksqlc-zxcvb | PREFIXED      
  User:1    | ALLOW      | DESCRIBE_CONFIGS | TOPIC            | *                            | LITERAL       
  User:1    | ALLOW      | DESCRIBE_CONFIGS | TOPIC            | _confluent-ksql-pksqlc-zxcvb | PREFIXED      
  User:1    | ALLOW      | DESCRIBE_CONFIGS | TOPIC            | pksqlc-zxcvb                 | PREFIXED      
  User:1    | ALLOW      | READ             | GROUP            | _confluent-ksql-pksqlc-zxcvb | PREFIXED      
  User:1    | ALLOW      | READ             | TOPIC            | _confluent-ksql-pksqlc-zxcvb | PREFIXED      
  User:1    | ALLOW      | READ             | TOPIC            | pksqlc-zxcvb                 | PREFIXED      
  User:1    | ALLOW      | WRITE            | GROUP            | _confluent-ksql-pksqlc-zxcvb | PREFIXED      
  User:1    | ALLOW      | WRITE            | TOPIC            | _confluent-ksql-pksqlc-zxcvb | PREFIXED      
  User:1    | ALLOW      | WRITE            | TOPIC            | pksqlc-zxcvb                 | PREFIXED      
  User:1    | ALLOW      | WRITE            | TRANSACTIONAL_ID |                              | LITERAL       
