- start_date: "2023-01-01 00:00:00"
  end_date: "2023-01-02 00:00:00"
  granularity: DAILY
  line_type: LINE_TYPE_1
  product: KAFKA
  resource_id: lkc-0
  resource_display_name: kafka_1
  environment_id: env-123
  network_access_type: INTERNET
  price: $0.123 USD/GB
  original_amount: 70
  discount_amount: 20
  amount: 50
- start_date: "2023-01-01 00:00:00"
  end_date: "2023-01-02 00:00:00"
  granularity: DAILY
  line_type: LINE_TYPE_1
  product: KAFKA
  resource_id: lkc-1
  resource_display_name: kafka_1
  environment_id: env-123
  network_access_type: INTERNET
  price: $0.123 USD/GB
  original_amount: 70
  discount_amount: 20
  amount: 50
- start_date: "2023-01-01 00:00:00"
  end_date: "2023-01-02 00:00:00"
  granularity: DAILY
  line_type: LINE_TYPE_1
  product: KAFKA
  resource_id: lkc-10
  resource_display_name: kafka_1
  environment_id: env-123
  network_access_type: INTERNET
  price: $0.123 USD/GB
  original_amount: 70
  discount_amount: 20
  amount: 50
- start_date: "2023-01-01 00:00:00"
  end_date: "2023-01-02 00:00:00"
  granularity: DAILY
  line_type: LINE_TYPE_1
  product: KAFKA
  resource_id: lkc-11
  resource_display_name: kafka_1
  environment_id: env-123
  network_access_type: INTERNET
  price: $0.123 USD/GB
  original_amount: 70
  discount_amount: 20
  amount: 50
- start_date: "2023-01-01 00:00:00"
  end_date: "2023-01-02 00:00:00"
  granularity: DAILY
  line_type: LINE_TYPE_1
  product: KAFKA
  resource_id: lkc-12
  resource_display_name: kafka_1
  environment_id: env-123
  network_access_type: INTERNET
  price: $0.123 USD/GB
  original_amount: 70
  discount_amount: 20
  amount: 50
- start_date: "2023-01-01 00:00:00"
  end_date: "2023-01-02 00:00:00"
  granularity: DAILY
  line_type: LINE_TYPE_1
  product: KAFKA
  resource_id: lkc-13
  resource_display_name: kafka_1
  environment_id: env-123
  network_access_type: INTERNET
  price: $0.123 USD/GB
  original_amount: 70
  discount_amount: 20
  amount: 50
- start_date: "2023-01-01 00:00:00"
  end_date: "2023-01-02 00:00:00"
  granularity: DAILY
  line_type: LINE_TYPE_1
  product: KAFKA
  resource_id: lkc-14
  resource_display_name: kafka_1
  environment_id: env-123
  network_access_type: INTERNET
  price: $0.123 USD/GB
  original_amount: 70
  discount_amount: 20
  amount: 50
- start_date: "2023-01-01 00:00:00"
  end_date: "2023-01-02 00:00:00"
  granularity: DAILY
  line_type: LINE_TYPE_1
  product: KAFKA
  resource_id: lkc-15
  resource_display_name: kafka_1
  environment_id: env-123
  network_access_type: INTERNET
  price: $0.123 USD/GB
  original_amount: 70
  discount_amount: 20
  amount: 50
- start_date: "2023-01-01 00:00:00"
  end_date: "2023-01-02 00:00:00"
  granularity: DAILY
  line_type: LINE_TYPE_1
  product: KAFKA
  resource_id: lkc-16
  resource_display_name: kafka_1
  environment_id: env-123
  network_access_type: INTERNET
  price: $0.123 USD/GB
  original_amount: 70
  discount_amount: 20
  amount: 50
- start_date: "2023-01-01 00:00:00"
  end_date: "2023-01-02 00:00:00"
  granularity: DAILY
  line_type: LINE_TYPE_1
  product: KAFKA
  resource_id: lkc-17
  resource_display_name: kafka_1
  environment_id: env-123
  network_access_type: INTERNET
  price: $0.123 USD/GB
  original_amount: 70
  discount_amount: 20
  amount: 50
- start_date: "2023-01-01 00:00:00"
  end_date: "2023-01-02 00:00:00"
  granularity: DAILY
  line_type: LINE_TYPE_1
  product: KAFKA
  resource_id: lkc-18
  resource_display_name: kafka_1
  environment_id: env-123
  network_access_type: INTERNET
  price: $0.123 USD/GB
  original_amount: 70
  discount_amount: 20
  amount: 50
- start_date: "2023-01-01 00:00:00"
  end_date: "2023-01-02 00:00:00"
  granularity: DAILY
  line_type: LINE_TYPE_1
  product: KAFKA
  resource_id: lkc-19
  resource_display_name: kafka_1
  environment_id: env-123
  network_access_type: INTERNET
  price: $0.123 USD/GB
  original_amount: 70
  discount_amount: 20
  amount: 50
- start_date: "2023-01-01 00:00:00"
  end_date: "2023-01-02 00:00:00"
  granularity: DAILY
  line_type: LINE_TYPE_1
  product: KAFKA
  resource_id: lkc-2
  resource_display_name: kafka_1
  environment_id: env-123
  network_access_type: INTERNET
  price: $0.123 USD/GB
  original_amount: 70
  discount_amount: 20
  amount: 50
- start_date: "2023-01-01 00:00:00"
  end_date: "2023-01-02 00:00:00"
  granularity: DAILY
  line_type: LINE_TYPE_1
  product: KAFKA
  resource_id: lkc-3
  resource_display_name: kafka_1
  environment_id: env-123
  network_access_type: INTERNET
  price: $0.123 USD/GB
  original_amount: 70
  discount_amount: 20
  amount: 50
- start_date: "2023-01-01 00:00:00"
  end_date: "2023-01-02 00:00:00"
  granularity: DAILY
  line_type: LINE_TYPE_1
  product: KAFKA
  resource_id: lkc-4
  resource_display_name: kafka_1
  environment_id: env-123
  network_access_type: INTERNET
  price: $0.123 USD/GB
  original_amount: 70
  discount_amount: 20
  amount: 50
- start_date: "2023-01-01 00:00:00"
  end_date: "2023-01-02 00:00:00"
  granularity: DAILY
  line_type: LINE_TYPE_1
  product: KAFKA
  resource_id: lkc-5
  resource_display_name: kafka_1
  environment_id: env-123
  network_access_type: INTERNET
  price: $0.123 USD/GB
  original_amount: 70
  discount_amount: 20
  amount: 50
- start_date: "2023-01-01 00:00:00"
  end_date: "2023-01-02 00:00:00"
  granularity: DAILY
  line_type: LINE_TYPE_1
  product: KAFKA
  resource_id: lkc-6
  resource_display_name: kafka_1
  environment_id: env-123
  network_access_type: INTERNET
  price: $0.123 USD/GB
  original_amount: 70
  discount_amount: 20
  amount: 50
- start_date: "2023-01-01 00:00:00"
  end_date: "2023-01-02 00:00:00"
  granularity: DAILY
  line_type: LINE_TYPE_1
  product: KAFKA
  resource_id: lkc-7
  resource_display_name: kafka_1
  environment_id: env-123
  network_access_type: INTERNET
  price: $0.123 USD/GB
  original_amount: 70
  discount_amount: 20
  amount: 50
- start_date: "2023-01-01 00:00:00"
  end_date: "2023-01-02 00:00:00"
  granularity: DAILY
  line_type: LINE_TYPE_1
  product: KAFKA
  resource_id: lkc-8
  resource_display_name: kafka_1
  environment_id: env-123
  network_access_type: INTERNET
  price: $0.123 USD/GB
  original_amount: 70
  discount_amount: 20
  amount: 50
- start_date: "2023-01-01 00:00:00"
  end_date: "2023-01-02 00:00:00"
  granularity: DAILY
  line_type: LINE_TYPE_1
  product: KAFKA
  resource_id: lkc-9
  resource_display_name: kafka_1
  environment_id: env-123
  network_access_type: INTERNET
  price: $0.123 USD/GB
  original_amount: 70
  discount_amount: 20
  amount: 50
- start_date: "2023-01-01 00:00:00"
  end_date: "2023-01-02 00:00:00"
  granularity: DAILY
  line_type: SUPPORT
  product: SUPPORT_PREMIER
  original_amount: 70
  amount: 70
