Manage Confluent Cloud network regions.

Usage:
  confluent network region [command]

Available Commands:
  list        List cloud provider regions for networking.

Global Flags:
  -h, --help            Show help for this command.
      --unsafe-trace    Equivalent to -vvvv, but also log HTTP requests and responses which might contain plaintext secrets.
  -v, --verbose count   Increase verbosity (-v for warn, -vv for info, -vvv for debug, -vvvv for trace).

Use "confluent network region [command] --help" for more information about a command.
