Describe cluster-wide or per-broker configuration values.

Usage:
  confluent kafka broker describe [id] [flags]

Examples:
Describe the "min.insync.replicas" configuration for broker 1.

  $ confluent kafka broker describe 1 --config-name min.insync.replicas

Describe the non-default cluster-wide broker configuration values.

  $ confluent kafka broker describe --all

Flags:
      --all                       Get cluster-wide broker configurations (non-default values only).
      --config-name string        Get a specific configuration value (pair with --all to see a cluster-wide configuration.
      --url string                Base URL of REST Proxy Endpoint of Kafka Cluster (include "/kafka" for embedded Rest Proxy). Must set flag or CONFLUENT_REST_URL.
      --ca-cert-path string       Path to a PEM-encoded CA to verify the Confluent REST Proxy.
      --client-cert-path string   Path to client cert to be verified by Confluent REST Proxy, include for mTLS authentication.
      --client-key-path string    Path to client private key, include for mTLS authentication.
      --no-authentication         Include if requests should be made without authentication headers, and user will not be prompted for credentials.
      --prompt                    Bypass use of available login credentials and prompt for Kafka Rest credentials.
  -o, --output string             Specify the output format as "human", "json", or "yaml". (default "human")

Global Flags:
  -h, --help            Show help for this command.
      --unsafe-trace    Equivalent to -vvvv, but also log HTTP requests and responses which might contain plaintext secrets.
  -v, --verbose count   Increase verbosity (-v for warn, -vv for info, -vvv for debug, -vvvv for trace).
