   Cluster  | Broker ID | Task Type  | Task Status |           Created At           |           Updated At           | Shutdown Scheduled |             Subtask Statuses              | Error Code | Error Message  
------------+-----------+------------+-------------+--------------------------------+--------------------------------+--------------------+-------------------------------------------+------------+----------------
  cluster-1 |         1 | add-broker | SUCCESS     | 2021-07-01 00:00:00 -0800      | 2021-07-01 00:00:00 -0800      | false              | partition_reassignment_status=IN_PROGRESS |          0 |                
            |           |            |             |                          -0800 |                          -0800 |                    |                                           |            |                
  cluster-1 |         2 | add-broker | SUCCESS     | 2021-07-01 00:00:00 -0800      | 2021-07-01 00:00:00 -0800      | false              | broker_shutdown_status=COMPLETED          |      10014 | error message  
            |           |            |             |                          -0800 |                          -0800 |                    |                                           |            |                
