Update the current Confluent Cloud organization.

Usage:
  confluent organization update [flags]

Flags:
      --name string     REQUIRED: Name of the Confluent Cloud organization.
  -o, --output string   Specify the output format as "human", "json", or "yaml". (default "human")

Global Flags:
  -h, --help            Show help for this command.
      --unsafe-trace    Equivalent to -vvvv, but also log HTTP requests and responses which may contain plaintext secrets.
  -v, --verbose count   Increase verbosity (-v for warn, -vv for info, -vvv for debug, -vvvv for trace).
