Request to activate a pipeline.

Usage:
  confluent pipeline activate <pipeline-id> [flags]

Examples:
Request to activate Stream Designer pipeline "pipe-12345".

  $ confluent pipeline activate pipe-12345

Flags:
  -o, --output string        Specify the output format as "human", "json", or "yaml". (default "human")
      --cluster string       Kafka cluster ID or name.
      --environment string   Confluent Cloud environment ID or name.

Global Flags:
  -h, --help            Show help for this command.
      --unsafe-trace    Equivalent to -vvvv, but also log HTTP requests and responses which might contain plaintext secrets.
  -v, --verbose count   Increase verbosity (-v for warn, -vv for info, -vvv for debug, -vvvv for trace).
