+--------------+-------------------------------+
| ID           | pipe-12345                    |
| Name         | testPipeline                  |
| Description  | description                   |
| Ksql Cluster | lksqlc-12345                  |
| State        | activating                    |
| CreatedAt    | 2022-10-04 06:00:00 +0000 UTC |
| UpdatedAt    | 2022-10-06 06:00:00 +0000 UTC |
+--------------+-------------------------------+
