+-------------------------+-----------------------------------------------------------------------------------------------------------------------------------+
| ID                      | pipe-12345                                                                                                                        |
| Name                    | testPipeline                                                                                                                      |
| Description             | description                                                                                                                       |
| KSQL Cluster            | lksqlc-12345                                                                                                                      |
| Schema Registry Cluster |                                                                                                                                   |
| Secret Names            | a_really_really_really_really_really_really_really_really_really_really_really_really_long_secret_name_but_not_exceeding_128_yet, |
|                         | name1, name2, name3                                                                                                               |
| Activation Privilege    | false                                                                                                                             |
| State                   | draft                                                                                                                             |
| Created At              | 2022-10-04 06:00:00 +0000 UTC                                                                                                     |
| Updated At              | 2022-10-06 06:00:00 +0000 UTC                                                                                                     |
+-------------------------+-----------------------------------------------------------------------------------------------------------------------------------+
