Create a new pipeline.

Usage:
  confluent pipeline create [flags]

Examples:
Create a Stream Designer pipeline named "my-pipeline".

  $ confluent pipeline create --name my-pipeline --description "example pipeline"

Create a Stream Designer pipeline with a KSQL cluster and a Schema Registry cluster.

  $ confluent pipeline create --name my-pipeline --description "example pipeline" --ksql-cluster lksqlc-12345 --use-schema-registry

Flags:
      --name string           REQUIRED: Name of the pipeline.
      --description string    Description of the pipeline.
      --ksql-cluster string   KSQL cluster for the pipeline.
      --use-schema-registry   Add the Schema Registry cluster to the pipeline.
      --sql-file string       Path to a KSQL file containing the pipeline's source code.
      --secret stringArray    A named secret that can be referenced in pipeline source code, e.g. "secret_name=secret_content".
                              This flag can be supplied multiple times. The secret mapping must have the format <secret-name>=<secret-value>,
                              where <secret-name> consists of 1-128 lowercase, uppercase, numeric or underscore characters but may not begin with a digit.
                              The <secret-value> can be of any format but may not be empty.
  -o, --output string         Specify the output format as "human", "json", or "yaml". (default "human")
      --cluster string        Kafka cluster ID.
      --environment string    Environment ID.

Global Flags:
  -h, --help            Show help for this command.
      --unsafe-trace    Equivalent to -vvvv, but also log HTTP requests and responses which may contain plaintext secrets.
  -v, --verbose count   Increase verbosity (-v for warn, -vv for info, -vvv for debug, -vvvv for trace).
