Delete a pipeline.

Usage:
  confluent pipeline delete <id> [flags]

Examples:
Request to delete Stream Designer pipeline "pipe-12345".

  $ confluent pipeline delete pipe-12345

Flags:
      --force                Skip the deletion confirmation prompt.
      --cluster string       Kafka cluster ID.
      --environment string   Environment ID.

Global Flags:
  -h, --help            Show help for this command.
      --unsafe-trace    Equivalent to -vvvv, but also log HTTP requests and responses which may contain plaintext secrets.
  -v, --verbose count   Increase verbosity (-v for warn, -vv for info, -vvv for debug, -vvvv for trace).
