statement_name:\ cli-\d{4}-\d{2}-\d{2}-\d{6}-[a-f0-9]{8}-[a-f0-9]{4}-[a-f0-9]{4}-[a-f0-9]{4}-[a-f0-9]{12}\
engine:\ snapshot\
phase:\ COMPLETED\
columns:\
\ \ \ \ \-\ name:\ order_id\
\ \ \ \ \ \ type:\ INTEGER\
\ \ \ \ \-\ name:\ status\
\ \ \ \ \ \ type:\ VARCHAR\
rows:\
\ \ \ \ \-\ order_id:\ 1021\
\ \ \ \ \ \ status:\ SHIPPED\
\ \ \ \ \-\ order_id:\ 1044\
\ \ \ \ \ \ status:\ PENDING\
row_count:\ 2\
truncated:\ false\
incomplete:\ false\
append_only:\ true\
