+----------------------------+--------------+
| ID                         | n-abcde1     |
| Environment                | env-00000    |
| Name                       | aws-peering  |
| Cloud                      | AWS          |
| Region                     | us-west-2    |
| CIDR                       |              |
| Zones                      |              |
| Phase                      | PROVISIONING |
| Supported Connection Types | PEERING      |
| Active Connection Types    |              |
+----------------------------+--------------+
