+----------------------------+------------------------------+
| ID                         | n-abcde10                    |
| Environment                | env-00000                    |
| Name                       | prod-aws-us-east1            |
| Cloud                      | AWS                          |
| Region                     | us-east-1                    |
| Zones                      | use1-az1, use1-az2, use1-az3 |
| Phase                      | PROVISIONING                 |
| Supported Connection Types | PRIVATELINK                  |
| Active Connection Types    |                              |
| DNS Resolution             | PRIVATE                      |
+----------------------------+------------------------------+
