id: n-abcde4
environment: env-00000
name: prod-aws-us-east1
cloud: AWS
region: us-east-1
cidr: 10.200.0.0/16
zones:
    - use1-az1
    - use1-az2
    - use1-az3
phase: PROVISIONING
supported_connection_types:
    - TRANSITGATEWAY
    - PEERING
zone_info:
    - use1-az1=10.200.0.0/27
    - use1-az2=10.200.0.32/27
    - use1-az3=10.200.0.64/27
idle_since: 2021-01-01T00:00:00Z
