Manage Confluent Cloud networks.

Usage:
  confluent network [command]

Available Commands:
  create      Create a network.
  delete      Delete one or more networks.
  describe    Describe a network.
  list        Display networks in the current environment.
  update      Update an existing network.

Global Flags:
  -h, --help            Show help for this command.
      --unsafe-trace    Equivalent to -vvvv, but also log HTTP requests and responses which might contain plaintext secrets.
  -v, --verbose count   Increase verbosity (-v for warn, -vv for info, -vvv for debug, -vvvv for trace).

Use "confluent network [command] --help" for more information about a command.
