     ID    |         Name         |    Gateway    | Cloud |   Region    |     CIDR      |             Zones              | Phase | Active Connection Types | DNS Resolution |           Zone Info             
-----------+----------------------+---------------+-------+-------------+---------------+--------------------------------+-------+-------------------------+----------------+---------------------------------
  n-abcde6 | prod-aws-eu-west1    |               | AWS   | eu-west-1   | 10.200.0.0/16 | use1-az1, use1-az2, use1-az3   | READY | TRANSITGATEWAY, PEERING |                | use1-az1=10.200.0.0/27,         
           |                      |               |       |             |               |                                |       |                         |                | use1-az2=10.200.0.32/27,        
           |                      |               |       |             |               |                                |       |                         |                | use1-az3=10.200.0.64/27         
  n-abcde3 | prod-aws-us-east1    |               | AWS   | us-east-1   | 10.200.0.0/16 | use1-az1, use1-az2, use1-az3   | READY | TRANSITGATEWAY, PEERING |                | use1-az1=10.200.0.0/27,         
           |                      |               |       |             |               |                                |       |                         |                | use1-az2=10.200.0.32/27,        
           |                      |               |       |             |               |                                |       |                         |                | use1-az3=10.200.0.64/27         
  n-abcde5 |                      |               | AWS   | us-east-1   | 10.200.0.0/16 | use1-az1, use1-az2, use1-az3   | READY | TRANSITGATEWAY, PEERING |                | use1-az1=10.200.0.0/27,         
           |                      |               |       |             |               |                                |       |                         |                | use1-az2=10.200.0.32/27,        
           |                      |               |       |             |               |                                |       |                         |                | use1-az3=10.200.0.64/27         
  n-abcde4 | prod-aws-us-east1    | gw-abcde1     | AWS   | us-west-2   | 10.200.0.0/16 | use1-az1, use1-az2, use1-az3   | READY | TRANSITGATEWAY, PEERING |                | use1-az1=10.200.0.0/27,         
           |                      |               |       |             |               |                                |       |                         |                | use1-az2=10.200.0.32/27,        
           |                      |               |       |             |               |                                |       |                         |                | use1-az3=10.200.0.64/27         
  n-abcde7 | prod-azure-eastus2   |               | AZURE | eastus2     | 10.0.0.0/16   | 1, 2, 3                        | READY | PEERING                 |                | 1=10.200.0.0/27,                
           |                      |               |       |             |               |                                |       |                         |                | 2=10.200.0.32/27,               
           |                      |               |       |             |               |                                |       |                         |                | 3=10.200.0.64/27                
  n-abcde1 | prod-gcp-us-central1 | gateway-12345 | GCP   | us-central1 | 10.1.0.0/16   | us-central1-a, us-central1-b,  | READY | PEERING                 |                | us-central1-a=10.200.0.0/27,    
           |                      |               |       |             |               | us-central1-c                  |       |                         |                | us-central1-b=10.200.0.32/27,   
           |                      |               |       |             |               |                                |       |                         |                | us-central1-c=10.200.0.64/27    
