Manage custom connector plugin versions.

Usage:
  confluent connect custom-plugin version [command]

Available Commands:
  create      Create a custom connector plugin version.
  delete      Delete a custom connector plugin version.
  describe    Describe a custom connector plugin version.
  list        List custom connector plugin versions for plugin.
  update      Update a custom connector plugin version metadata.

Global Flags:
  -h, --help            Show help for this command.
      --unsafe-trace    Equivalent to -vvvv, but also log HTTP requests and responses which might contain plaintext secrets.
  -v, --verbose count   Increase verbosity (-v for warn, -vv for info, -vvv for debug, -vvvv for trace).

Use "confluent connect custom-plugin version [command] --help" for more information about a command.
