+---------------------+----------------------------------------+
| ID                  | pi-123456                              |
| Name                | azure-test                             |
| Provider            | azure                                  |
| Environment         | env-596                                |
| Status              | DRAFT                                  |
| Azure Configuration | &{00000000-0000-0000-0000-000000000000 |
|                     | app-123456789}                         |
+---------------------+----------------------------------------+
