     ID     |   Name   | Provider | Environment | Status |                Customer Google Service                |                   Google Service Account                     
            |          |          |             |        |                        Account                        |                                                              
------------+----------+----------+-------------+--------+-------------------------------------------------------+--------------------------------------------------------------
  pi-789012 | gcp-test | gcp      | env-596     | DRAFT  | my-service-account@my-project.iam.gserviceaccount.com | confluent-sa-123456789@gcp-sa-cloud.iam.gserviceaccount.com  
  pi-789012 | gcp-test | gcp      | env-596     | DRAFT  | my-service-account@my-project.iam.gserviceaccount.com | confluent-sa-123456789@gcp-sa-cloud.iam.gserviceaccount.com  
  pi-789012 | gcp-test | gcp      | env-596     | DRAFT  | my-service-account@my-project.iam.gserviceaccount.com | confluent-sa-123456789@gcp-sa-cloud.iam.gserviceaccount.com  
  pi-789012 | gcp-test | gcp      | env-596     | DRAFT  | my-service-account@my-project.iam.gserviceaccount.com | confluent-sa-123456789@gcp-sa-cloud.iam.gserviceaccount.com  
