The `ccloud` CLI is scheduled for deprecation. All `ccloud` features have been moved to the `confluent` CLI.
For more details: https://docs.confluent.io/ccloud-cli/current/index.html

In the next major version update, `ccloud connector-catalog` has been renamed to `confluent connect plugin`.

{
  "connector.class": "GcsSink",
  "data.format": "\"data.format\" is required ",
  "gcs.bucket.name": "\"gcs.bucket.name\" is required ",
  "gcs.credentials.config": "\"gcs.credentials.config\" is required ",
  "kafka.api.key": "\"kafka.api.key\" is required ",
  "kafka.api.secret": "\"kafka.api.secret\" is required ",
  "tasks.max": "\"tasks.max\" is required ",
  "time.interval": "\"data.format\" is required ",
  "topics": "\"topics\" is required "
}
