The `ccloud` CLI is scheduled for deprecation. All `ccloud` features have been moved to the `confluent` CLI.
For more details: https://docs.confluent.io/ccloud-cli/current/index.html

In the next major version update, `ccloud connector-catalog` has been renamed to `confluent connect plugin`.

- plugin_name: AzureBlobSink
  type: Sink
- plugin_name: GcsSink
  type: Sink
