Create a Kafka topic.

Usage:
  confluent local kafka topic create <topic> [flags]

Examples:
Create a topic named "test" with specified configuration parameters.

  $ confluent local kafka topic create test --config cleanup.policy=compact,compression.type=gzip

Flags:
      --partitions uint32           Number of topic partitions.
      --replication-factor uint32   Number of replicas.
      --config strings              A comma-separated list of "key=value" pairs, or path to a configuration file containing a newline-separated list of "key=value" pairs.
      --if-not-exists               Exit gracefully if topic already exists.

Global Flags:
  -h, --help            Show help for this command.
      --unsafe-trace    Equivalent to -vvvv, but also log HTTP requests and responses which might contain plaintext secrets.
  -v, --verbose count   Increase verbosity (-v for warn, -vv for info, -vvv for debug, -vvvv for trace).
