Delete a self-managed key from Conluent Cloud.

Usage:
  confluent byok delete <id> [flags]

Flags:
      --force   Skip the deletion confirmation prompt.

Global Flags:
  -h, --help            Show help for this command.
      --unsafe-trace    Equivalent to -vvvv, but also log HTTP requests and responses which may contain plaintext secrets.
  -v, --verbose count   Increase verbosity (-v for warn, -vv for info, -vvv for debug, -vvvv for trace).
