    ID    |     Display Name     |                    Key                     | Cloud |   State   |          Created At            
----------+----------------------+--------------------------------------------+-------+-----------+--------------------------------
  cck-003 | Azure Production Key | https://a-vault.vault.azure.net/keys/a-key | Azure | AVAILABLE | 2023-01-01 12:00:30 +0000 UTC  
