+--------------+-------------------+
| Current      | false             |
| ID           | lfcp-123456       |
| Name         | my-compute-pool-2 |
| Cloud        | AWS               |
| Environment  | env-596           |
| Max CFU      | 5                 |
| Region       | us-west-2         |
| Current CFU  | 0                 |
| Status       | PROVISIONING      |
| Default Pool | true              |
+--------------+-------------------+
