+-------------+-------------------+
| Current     | false             |
| ID          | lfcp-123456       |
| Name        | my-compute-pool-1 |
| Environment | env-123           |
| Current CFU | 0                 |
| Max CFU     | 1                 |
| Cloud       | AWS               |
| Region      | us-west-2         |
| Status      | PROVISIONED       |
+-------------+-------------------+
