+---------------+-------------------------------+
| Creation Time | 2025-03-12 23:42:00 +0000 UTC |
| Name          | test-pool                     |
| Type          | DEDICATED                     |
| Phase         | RUNNING                       |
+---------------+-------------------------------+
