[
  {
    "apiVersion": "",
    "kind": "",
    "metadata": {
      "name": "test-pool1",
      "creationTimestamp": "2025-03-12 23:42:00 +0000 UTC"
    },
    "spec": {
      "type": "DEDICATED",
      "clusterSpec": null
    },
    "status": {
      "phase": "RUNNING"
    }
  },
  {
    "apiVersion": "",
    "kind": "",
    "metadata": {
      "name": "test-pool2",
      "creationTimestamp": "2025-03-12 23:42:00 +0000 UTC"
    },
    "spec": {
      "type": "DEDICATED",
      "clusterSpec": null
    },
    "status": {
      "phase": "PENDING"
    }
  },
  {
    "apiVersion": "",
    "kind": "",
    "metadata": {
      "name": "test-pool3",
      "creationTimestamp": "2025-03-12 23:42:00 +0000 UTC"
    },
    "spec": {
      "type": "DEDICATED",
      "clusterSpec": null
    },
    "status": {
      "phase": "COMPLETE"
    }
  }
]
