  Current |     ID      |       Name        | Cloud | Environment | Max CFU |  Region   | Current CFU |   Status    | Default Pool  
----------+-------------+-------------------+-------+-------------+---------+-----------+-------------+-------------+---------------
          | lfcp-222222 | my-compute-pool-2 | AWS   | env-456     |       2 | eu-west-2 |           0 | PROVISIONED | false         
