  Current |     ID      | Cloud |       Name        | Environment | Max CFU |  Region   | Current CFU |   Status    | Default Pool | Network  
----------+-------------+-------+-------------------+-------------+---------+-----------+-------------+-------------+--------------+----------
          | lfcp-123456 | AWS   | my-compute-pool-1 | env-123     |       1 | eu-west-1 |           0 | PROVISIONED | false        |          
          | lfcp-222222 | AWS   | my-compute-pool-2 | env-456     |       2 | eu-west-2 |           0 | PROVISIONED | false        |          
