  Current |     ID      |       Name        | Environment | Current CFU | Max CFU | Default Pool | Cloud |  Region   |   Status     
----------+-------------+-------------------+-------------+-------------+---------+--------------+-------+-----------+--------------
          | lfcp-222222 | my-compute-pool-2 | env-456     |           0 |       2 | false        | AWS   | eu-west-2 | PROVISIONED  
