+--------------+-------------------+
| Current      | false             |
| ID           | lfcp-123456       |
| Name         | my-compute-pool-1 |
| Environment  | env-123           |
| Current CFU  | 0                 |
| Max CFU      | 5                 |
| Default Pool | false             |
| Cloud        | AWS               |
| Region       | eu-west-1         |
| Status       | PROVISIONED       |
+--------------+-------------------+
