  ID |        Email         | First Name | Last Name | User Resource ID |  Status   
-----+----------------------+------------+-----------+------------------+-----------
   1 | u-11aaa@confluent.io |         11 | Aaa       | u-11aaa          | VERIFIED  
   2 | u-22bbb@confluent.io |         22 | Bbb       | u-22bbb          | SENT      
